Internal Server Error: /Pedido/
Traceback (most recent call last):
  File "C:\Users\mlarr\OneDrive\Documentos\Proyectos\sushi-ross\venv\Lib\site-packages\django\core\handlers\exception.py", line 55, in inner
    response = get_response(request)
               ^^^^^^^^^^^^^^^^^^^^^
  File "C:\Users\mlarr\OneDrive\Documentos\Proyectos\sushi-ross\venv\Lib\site-packages\django\core\handlers\base.py", line 197, in _get_response
    response = wrapped_callback(request, *callback_args, **callback_kwargs)
               ^^^^^^^^^^^^^^^^^^^^^^^^^^^^^^^^^^^^^^^^^^^^^^^^^^^^^^^^^^^^
  File "C:\Users\mlarr\OneDrive\Documentos\Proyectos\sushi-ross\venv\Lib\site-packages\django\views\decorators\csrf.py", line 65, in _view_wrapper
    return view_func(request, *args, **kwargs)
           ^^^^^^^^^^^^^^^^^^^^^^^^^^^^^^^^^^^
  File "C:\Users\mlarr\OneDrive\Documentos\Proyectos\sushi-ross\venv\Lib\site-packages\rest_framework\viewsets.py", line 125, in view
    return self.dispatch(request, *args, **kwargs)
           ^^^^^^^^^^^^^^^^^^^^^^^^^^^^^^^^^^^^^^^
  File "C:\Users\mlarr\OneDrive\Documentos\Proyectos\sushi-ross\venv\Lib\site-packages\rest_framework\views.py", line 515, in dispatch
    response = self.handle_exception(exc)
               ^^^^^^^^^^^^^^^^^^^^^^^^^^
  File "C:\Users\mlarr\OneDrive\Documentos\Proyectos\sushi-ross\venv\Lib\site-packages\rest_framework\views.py", line 475, in handle_exception
    self.raise_uncaught_exception(exc)
  File "C:\Users\mlarr\OneDrive\Documentos\Proyectos\sushi-ross\venv\Lib\site-packages\rest_framework\views.py", line 486, in raise_uncaught_exception
    raise exc
  File "C:\Users\mlarr\OneDrive\Documentos\Proyectos\sushi-ross\venv\Lib\site-packages\rest_framework\views.py", line 512, in dispatch
    response = handler(request, *args, **kwargs)
               ^^^^^^^^^^^^^^^^^^^^^^^^^^^^^^^^^
  File "C:\Users\mlarr\OneDrive\Documentos\Proyectos\sushi-ross\venv\Lib\site-packages\rest_framework\mixins.py", line 19, in create
    self.perform_create(serializer)
  File "C:\Users\mlarr\OneDrive\Documentos\Proyectos\sushi-ross\server\views.py", line 197, in perform_create
    pedido = Pedido(**serializer.validated_data)
             ^^^^^^^^^^^^^^^^^^^^^^^^^^^^^^^^^^^
  File "C:\Users\mlarr\OneDrive\Documentos\Proyectos\sushi-ross\venv\Lib\site-packages\django\db\models\base.py", line 566, in __init__
    _setattr(self, prop, value)
  File "C:\Users\mlarr\OneDrive\Documentos\Proyectos\sushi-ross\venv\Lib\site-packages\django\db\models\fields\related_descriptors.py", line 665, in __set__
    raise TypeError(
TypeError: Direct assignment to the reverse side of a related set is prohibited. Use detalle_pedido.set() instead.
"POST /Pedido/ HTTP/1.1" 500 111393
Internal Server Error: /Pedido/
Traceback (most recent call last):
  File "C:\Users\mlarr\OneDrive\Documentos\Proyectos\sushi-ross\venv\Lib\site-packages\django\core\handlers\exception.py", line 55, in inner
    response = get_response(request)
               ^^^^^^^^^^^^^^^^^^^^^
  File "C:\Users\mlarr\OneDrive\Documentos\Proyectos\sushi-ross\venv\Lib\site-packages\django\core\handlers\base.py", line 197, in _get_response
    response = wrapped_callback(request, *callback_args, **callback_kwargs)
               ^^^^^^^^^^^^^^^^^^^^^^^^^^^^^^^^^^^^^^^^^^^^^^^^^^^^^^^^^^^^
  File "C:\Users\mlarr\OneDrive\Documentos\Proyectos\sushi-ross\venv\Lib\site-packages\django\views\decorators\csrf.py", line 65, in _view_wrapper
    return view_func(request, *args, **kwargs)
           ^^^^^^^^^^^^^^^^^^^^^^^^^^^^^^^^^^^
  File "C:\Users\mlarr\OneDrive\Documentos\Proyectos\sushi-ross\venv\Lib\site-packages\rest_framework\viewsets.py", line 125, in view
    return self.dispatch(request, *args, **kwargs)
           ^^^^^^^^^^^^^^^^^^^^^^^^^^^^^^^^^^^^^^^
  File "C:\Users\mlarr\OneDrive\Documentos\Proyectos\sushi-ross\venv\Lib\site-packages\rest_framework\views.py", line 515, in dispatch
    response = self.handle_exception(exc)
               ^^^^^^^^^^^^^^^^^^^^^^^^^^
  File "C:\Users\mlarr\OneDrive\Documentos\Proyectos\sushi-ross\venv\Lib\site-packages\rest_framework\views.py", line 475, in handle_exception
    self.raise_uncaught_exception(exc)
  File "C:\Users\mlarr\OneDrive\Documentos\Proyectos\sushi-ross\venv\Lib\site-packages\rest_framework\views.py", line 486, in raise_uncaught_exception
    raise exc
  File "C:\Users\mlarr\OneDrive\Documentos\Proyectos\sushi-ross\venv\Lib\site-packages\rest_framework\views.py", line 512, in dispatch
    response = handler(request, *args, **kwargs)
               ^^^^^^^^^^^^^^^^^^^^^^^^^^^^^^^^^
  File "C:\Users\mlarr\OneDrive\Documentos\Proyectos\sushi-ross\venv\Lib\site-packages\rest_framework\mixins.py", line 19, in create
    self.perform_create(serializer)
  File "C:\Users\mlarr\OneDrive\Documentos\Proyectos\sushi-ross\server\views.py", line 197, in perform_create
    pedido = Pedido(**serializer.validated_data)
             ^^^^^^^^^^^^^^^^^^^^^^^^^^^^^^^^^^^
  File "C:\Users\mlarr\OneDrive\Documentos\Proyectos\sushi-ross\venv\Lib\site-packages\django\db\models\base.py", line 566, in __init__
    _setattr(self, prop, value)
  File "C:\Users\mlarr\OneDrive\Documentos\Proyectos\sushi-ross\venv\Lib\site-packages\django\db\models\fields\related_descriptors.py", line 665, in __set__
    raise TypeError(
TypeError: Direct assignment to the reverse side of a related set is prohibited. Use detalle_pedido.set() instead.
"POST /Pedido/ HTTP/1.1" 500 111393
Internal Server Error: /Pedido/
Traceback (most recent call last):
  File "C:\Users\mlarr\OneDrive\Documentos\Proyectos\sushi-ross\venv\Lib\site-packages\django\core\handlers\exception.py", line 55, in inner
    response = get_response(request)
               ^^^^^^^^^^^^^^^^^^^^^
  File "C:\Users\mlarr\OneDrive\Documentos\Proyectos\sushi-ross\venv\Lib\site-packages\django\core\handlers\base.py", line 197, in _get_response
    response = wrapped_callback(request, *callback_args, **callback_kwargs)
               ^^^^^^^^^^^^^^^^^^^^^^^^^^^^^^^^^^^^^^^^^^^^^^^^^^^^^^^^^^^^
  File "C:\Users\mlarr\OneDrive\Documentos\Proyectos\sushi-ross\venv\Lib\site-packages\django\views\decorators\csrf.py", line 65, in _view_wrapper
    return view_func(request, *args, **kwargs)
           ^^^^^^^^^^^^^^^^^^^^^^^^^^^^^^^^^^^
  File "C:\Users\mlarr\OneDrive\Documentos\Proyectos\sushi-ross\venv\Lib\site-packages\rest_framework\viewsets.py", line 125, in view
    return self.dispatch(request, *args, **kwargs)
           ^^^^^^^^^^^^^^^^^^^^^^^^^^^^^^^^^^^^^^^
  File "C:\Users\mlarr\OneDrive\Documentos\Proyectos\sushi-ross\venv\Lib\site-packages\rest_framework\views.py", line 515, in dispatch
    response = self.handle_exception(exc)
               ^^^^^^^^^^^^^^^^^^^^^^^^^^
  File "C:\Users\mlarr\OneDrive\Documentos\Proyectos\sushi-ross\venv\Lib\site-packages\rest_framework\views.py", line 475, in handle_exception
    self.raise_uncaught_exception(exc)
  File "C:\Users\mlarr\OneDrive\Documentos\Proyectos\sushi-ross\venv\Lib\site-packages\rest_framework\views.py", line 486, in raise_uncaught_exception
    raise exc
  File "C:\Users\mlarr\OneDrive\Documentos\Proyectos\sushi-ross\venv\Lib\site-packages\rest_framework\views.py", line 512, in dispatch
    response = handler(request, *args, **kwargs)
               ^^^^^^^^^^^^^^^^^^^^^^^^^^^^^^^^^
  File "C:\Users\mlarr\OneDrive\Documentos\Proyectos\sushi-ross\venv\Lib\site-packages\rest_framework\mixins.py", line 19, in create
    self.perform_create(serializer)
  File "C:\Users\mlarr\OneDrive\Documentos\Proyectos\sushi-ross\server\views.py", line 197, in perform_create
    pedido = Pedido(**serializer.validated_data)
             ^^^^^^^^^^^^^^^^^^^^^^^^^^^^^^^^^^^
  File "C:\Users\mlarr\OneDrive\Documentos\Proyectos\sushi-ross\venv\Lib\site-packages\django\db\models\base.py", line 566, in __init__
    _setattr(self, prop, value)
  File "C:\Users\mlarr\OneDrive\Documentos\Proyectos\sushi-ross\venv\Lib\site-packages\django\db\models\fields\related_descriptors.py", line 665, in __set__
    raise TypeError(
TypeError: Direct assignment to the reverse side of a related set is prohibited. Use detalle_pedido.set() instead.
"POST /Pedido/ HTTP/1.1" 500 111303
Internal Server Error: /Pedido/
Traceback (most recent call last):
  File "C:\Users\mlarr\OneDrive\Documentos\Proyectos\sushi-ross\venv\Lib\site-packages\django\core\handlers\exception.py", line 55, in inner
    response = get_response(request)
               ^^^^^^^^^^^^^^^^^^^^^
  File "C:\Users\mlarr\OneDrive\Documentos\Proyectos\sushi-ross\venv\Lib\site-packages\django\core\handlers\base.py", line 197, in _get_response
    response = wrapped_callback(request, *callback_args, **callback_kwargs)
               ^^^^^^^^^^^^^^^^^^^^^^^^^^^^^^^^^^^^^^^^^^^^^^^^^^^^^^^^^^^^
  File "C:\Users\mlarr\OneDrive\Documentos\Proyectos\sushi-ross\venv\Lib\site-packages\django\views\decorators\csrf.py", line 65, in _view_wrapper
    return view_func(request, *args, **kwargs)
           ^^^^^^^^^^^^^^^^^^^^^^^^^^^^^^^^^^^
  File "C:\Users\mlarr\OneDrive\Documentos\Proyectos\sushi-ross\venv\Lib\site-packages\rest_framework\viewsets.py", line 125, in view
    return self.dispatch(request, *args, **kwargs)
           ^^^^^^^^^^^^^^^^^^^^^^^^^^^^^^^^^^^^^^^
  File "C:\Users\mlarr\OneDrive\Documentos\Proyectos\sushi-ross\venv\Lib\site-packages\rest_framework\views.py", line 515, in dispatch
    response = self.handle_exception(exc)
               ^^^^^^^^^^^^^^^^^^^^^^^^^^
  File "C:\Users\mlarr\OneDrive\Documentos\Proyectos\sushi-ross\venv\Lib\site-packages\rest_framework\views.py", line 475, in handle_exception
    self.raise_uncaught_exception(exc)
  File "C:\Users\mlarr\OneDrive\Documentos\Proyectos\sushi-ross\venv\Lib\site-packages\rest_framework\views.py", line 486, in raise_uncaught_exception
    raise exc
  File "C:\Users\mlarr\OneDrive\Documentos\Proyectos\sushi-ross\venv\Lib\site-packages\rest_framework\views.py", line 512, in dispatch
    response = handler(request, *args, **kwargs)
               ^^^^^^^^^^^^^^^^^^^^^^^^^^^^^^^^^
  File "C:\Users\mlarr\OneDrive\Documentos\Proyectos\sushi-ross\venv\Lib\site-packages\rest_framework\mixins.py", line 19, in create
    self.perform_create(serializer)
  File "C:\Users\mlarr\OneDrive\Documentos\Proyectos\sushi-ross\server\views.py", line 197, in perform_create
    pedido = Pedido(**serializer.validated_data)
             ^^^^^^^^^^^^^^^^^^^^^^^^^^^^^^^^^^^
  File "C:\Users\mlarr\OneDrive\Documentos\Proyectos\sushi-ross\venv\Lib\site-packages\django\db\models\base.py", line 566, in __init__
    _setattr(self, prop, value)
  File "C:\Users\mlarr\OneDrive\Documentos\Proyectos\sushi-ross\venv\Lib\site-packages\django\db\models\fields\related_descriptors.py", line 665, in __set__
    raise TypeError(
TypeError: Direct assignment to the reverse side of a related set is prohibited. Use detalle_pedido.set() instead.
"POST /Pedido/ HTTP/1.1" 500 111303
Internal Server Error: /Pedido/
Traceback (most recent call last):
  File "C:\Users\mlarr\OneDrive\Documentos\Proyectos\sushi-ross\venv\Lib\site-packages\django\core\handlers\exception.py", line 55, in inner
    response = get_response(request)
               ^^^^^^^^^^^^^^^^^^^^^
  File "C:\Users\mlarr\OneDrive\Documentos\Proyectos\sushi-ross\venv\Lib\site-packages\django\core\handlers\base.py", line 197, in _get_response
    response = wrapped_callback(request, *callback_args, **callback_kwargs)
               ^^^^^^^^^^^^^^^^^^^^^^^^^^^^^^^^^^^^^^^^^^^^^^^^^^^^^^^^^^^^
  File "C:\Users\mlarr\OneDrive\Documentos\Proyectos\sushi-ross\venv\Lib\site-packages\django\views\decorators\csrf.py", line 65, in _view_wrapper
    return view_func(request, *args, **kwargs)
           ^^^^^^^^^^^^^^^^^^^^^^^^^^^^^^^^^^^
  File "C:\Users\mlarr\OneDrive\Documentos\Proyectos\sushi-ross\venv\Lib\site-packages\rest_framework\viewsets.py", line 125, in view
    return self.dispatch(request, *args, **kwargs)
           ^^^^^^^^^^^^^^^^^^^^^^^^^^^^^^^^^^^^^^^
  File "C:\Users\mlarr\OneDrive\Documentos\Proyectos\sushi-ross\venv\Lib\site-packages\rest_framework\views.py", line 515, in dispatch
    response = self.handle_exception(exc)
               ^^^^^^^^^^^^^^^^^^^^^^^^^^
  File "C:\Users\mlarr\OneDrive\Documentos\Proyectos\sushi-ross\venv\Lib\site-packages\rest_framework\views.py", line 475, in handle_exception
    self.raise_uncaught_exception(exc)
  File "C:\Users\mlarr\OneDrive\Documentos\Proyectos\sushi-ross\venv\Lib\site-packages\rest_framework\views.py", line 486, in raise_uncaught_exception
    raise exc
  File "C:\Users\mlarr\OneDrive\Documentos\Proyectos\sushi-ross\venv\Lib\site-packages\rest_framework\views.py", line 512, in dispatch
    response = handler(request, *args, **kwargs)
               ^^^^^^^^^^^^^^^^^^^^^^^^^^^^^^^^^
  File "C:\Users\mlarr\OneDrive\Documentos\Proyectos\sushi-ross\venv\Lib\site-packages\rest_framework\mixins.py", line 19, in create
    self.perform_create(serializer)
  File "C:\Users\mlarr\OneDrive\Documentos\Proyectos\sushi-ross\server\views.py", line 197, in perform_create
    pedido = Pedido(**serializer.validated_data)
             ^^^^^^^^^^^^^^^^^^^^^^^^^^^^^^^^^^^
  File "C:\Users\mlarr\OneDrive\Documentos\Proyectos\sushi-ross\venv\Lib\site-packages\django\db\models\base.py", line 566, in __init__
    _setattr(self, prop, value)
  File "C:\Users\mlarr\OneDrive\Documentos\Proyectos\sushi-ross\venv\Lib\site-packages\django\db\models\fields\related_descriptors.py", line 665, in __set__
    raise TypeError(
TypeError: Direct assignment to the reverse side of a related set is prohibited. Use detalle_pedido.set() instead.
"POST /Pedido/ HTTP/1.1" 500 111393
Internal Server Error: /Pedido/
Traceback (most recent call last):
  File "C:\Users\mlarr\OneDrive\Documentos\Proyectos\sushi-ross\venv\Lib\site-packages\django\core\handlers\exception.py", line 55, in inner
    response = get_response(request)
               ^^^^^^^^^^^^^^^^^^^^^
  File "C:\Users\mlarr\OneDrive\Documentos\Proyectos\sushi-ross\venv\Lib\site-packages\django\core\handlers\base.py", line 197, in _get_response
    response = wrapped_callback(request, *callback_args, **callback_kwargs)
               ^^^^^^^^^^^^^^^^^^^^^^^^^^^^^^^^^^^^^^^^^^^^^^^^^^^^^^^^^^^^
  File "C:\Users\mlarr\OneDrive\Documentos\Proyectos\sushi-ross\venv\Lib\site-packages\django\views\decorators\csrf.py", line 65, in _view_wrapper
    return view_func(request, *args, **kwargs)
           ^^^^^^^^^^^^^^^^^^^^^^^^^^^^^^^^^^^
  File "C:\Users\mlarr\OneDrive\Documentos\Proyectos\sushi-ross\venv\Lib\site-packages\rest_framework\viewsets.py", line 125, in view
    return self.dispatch(request, *args, **kwargs)
           ^^^^^^^^^^^^^^^^^^^^^^^^^^^^^^^^^^^^^^^
  File "C:\Users\mlarr\OneDrive\Documentos\Proyectos\sushi-ross\venv\Lib\site-packages\rest_framework\views.py", line 515, in dispatch
    response = self.handle_exception(exc)
               ^^^^^^^^^^^^^^^^^^^^^^^^^^
  File "C:\Users\mlarr\OneDrive\Documentos\Proyectos\sushi-ross\venv\Lib\site-packages\rest_framework\views.py", line 475, in handle_exception
    self.raise_uncaught_exception(exc)
  File "C:\Users\mlarr\OneDrive\Documentos\Proyectos\sushi-ross\venv\Lib\site-packages\rest_framework\views.py", line 486, in raise_uncaught_exception
    raise exc
  File "C:\Users\mlarr\OneDrive\Documentos\Proyectos\sushi-ross\venv\Lib\site-packages\rest_framework\views.py", line 512, in dispatch
    response = handler(request, *args, **kwargs)
               ^^^^^^^^^^^^^^^^^^^^^^^^^^^^^^^^^
  File "C:\Users\mlarr\OneDrive\Documentos\Proyectos\sushi-ross\venv\Lib\site-packages\rest_framework\mixins.py", line 19, in create
    self.perform_create(serializer)
  File "C:\Users\mlarr\OneDrive\Documentos\Proyectos\sushi-ross\server\views.py", line 197, in perform_create
    pedido = Pedido(**serializer.validated_data)
             ^^^^^^^^^^^^^^^^^^^^^^^^^^^^^^^^^^^
  File "C:\Users\mlarr\OneDrive\Documentos\Proyectos\sushi-ross\venv\Lib\site-packages\django\db\models\base.py", line 566, in __init__
    _setattr(self, prop, value)
  File "C:\Users\mlarr\OneDrive\Documentos\Proyectos\sushi-ross\venv\Lib\site-packages\django\db\models\fields\related_descriptors.py", line 665, in __set__
    raise TypeError(
TypeError: Direct assignment to the reverse side of a related set is prohibited. Use detalle_pedido.set() instead.
"POST /Pedido/ HTTP/1.1" 500 111393
Internal Server Error: /Pedido/
Traceback (most recent call last):
  File "C:\Users\mlarr\OneDrive\Documentos\Proyectos\sushi-ross\venv\Lib\site-packages\django\core\handlers\exception.py", line 55, in inner
    response = get_response(request)
               ^^^^^^^^^^^^^^^^^^^^^
  File "C:\Users\mlarr\OneDrive\Documentos\Proyectos\sushi-ross\venv\Lib\site-packages\django\core\handlers\base.py", line 197, in _get_response
    response = wrapped_callback(request, *callback_args, **callback_kwargs)
               ^^^^^^^^^^^^^^^^^^^^^^^^^^^^^^^^^^^^^^^^^^^^^^^^^^^^^^^^^^^^
  File "C:\Users\mlarr\OneDrive\Documentos\Proyectos\sushi-ross\venv\Lib\site-packages\django\views\decorators\csrf.py", line 65, in _view_wrapper
    return view_func(request, *args, **kwargs)
           ^^^^^^^^^^^^^^^^^^^^^^^^^^^^^^^^^^^
  File "C:\Users\mlarr\OneDrive\Documentos\Proyectos\sushi-ross\venv\Lib\site-packages\rest_framework\viewsets.py", line 125, in view
    return self.dispatch(request, *args, **kwargs)
           ^^^^^^^^^^^^^^^^^^^^^^^^^^^^^^^^^^^^^^^
  File "C:\Users\mlarr\OneDrive\Documentos\Proyectos\sushi-ross\venv\Lib\site-packages\rest_framework\views.py", line 515, in dispatch
    response = self.handle_exception(exc)
               ^^^^^^^^^^^^^^^^^^^^^^^^^^
  File "C:\Users\mlarr\OneDrive\Documentos\Proyectos\sushi-ross\venv\Lib\site-packages\rest_framework\views.py", line 475, in handle_exception
    self.raise_uncaught_exception(exc)
  File "C:\Users\mlarr\OneDrive\Documentos\Proyectos\sushi-ross\venv\Lib\site-packages\rest_framework\views.py", line 486, in raise_uncaught_exception
    raise exc
  File "C:\Users\mlarr\OneDrive\Documentos\Proyectos\sushi-ross\venv\Lib\site-packages\rest_framework\views.py", line 512, in dispatch
    response = handler(request, *args, **kwargs)
               ^^^^^^^^^^^^^^^^^^^^^^^^^^^^^^^^^
  File "C:\Users\mlarr\OneDrive\Documentos\Proyectos\sushi-ross\venv\Lib\site-packages\rest_framework\mixins.py", line 19, in create
    self.perform_create(serializer)
  File "C:\Users\mlarr\OneDrive\Documentos\Proyectos\sushi-ross\server\views.py", line 197, in perform_create
    pedido = Pedido(**serializer.validated_data)
             ^^^^^^^^^^^^^^^^^^^^^^^^^^^^^^^^^^^
  File "C:\Users\mlarr\OneDrive\Documentos\Proyectos\sushi-ross\venv\Lib\site-packages\django\db\models\base.py", line 566, in __init__
    _setattr(self, prop, value)
  File "C:\Users\mlarr\OneDrive\Documentos\Proyectos\sushi-ross\venv\Lib\site-packages\django\db\models\fields\related_descriptors.py", line 665, in __set__
    raise TypeError(
TypeError: Direct assignment to the reverse side of a related set is prohibited. Use detalle_pedido.set() instead.
"POST /Pedido/ HTTP/1.1" 500 111393
Internal Server Error: /Pedido/
Traceback (most recent call last):
  File "C:\Users\mlarr\OneDrive\Documentos\Proyectos\sushi-ross\venv\Lib\site-packages\django\core\handlers\exception.py", line 55, in inner
    response = get_response(request)
               ^^^^^^^^^^^^^^^^^^^^^
  File "C:\Users\mlarr\OneDrive\Documentos\Proyectos\sushi-ross\venv\Lib\site-packages\django\core\handlers\base.py", line 197, in _get_response
    response = wrapped_callback(request, *callback_args, **callback_kwargs)
               ^^^^^^^^^^^^^^^^^^^^^^^^^^^^^^^^^^^^^^^^^^^^^^^^^^^^^^^^^^^^
  File "C:\Users\mlarr\OneDrive\Documentos\Proyectos\sushi-ross\venv\Lib\site-packages\django\views\decorators\csrf.py", line 65, in _view_wrapper
    return view_func(request, *args, **kwargs)
           ^^^^^^^^^^^^^^^^^^^^^^^^^^^^^^^^^^^
  File "C:\Users\mlarr\OneDrive\Documentos\Proyectos\sushi-ross\venv\Lib\site-packages\rest_framework\viewsets.py", line 125, in view
    return self.dispatch(request, *args, **kwargs)
           ^^^^^^^^^^^^^^^^^^^^^^^^^^^^^^^^^^^^^^^
  File "C:\Users\mlarr\OneDrive\Documentos\Proyectos\sushi-ross\venv\Lib\site-packages\rest_framework\views.py", line 515, in dispatch
    response = self.handle_exception(exc)
               ^^^^^^^^^^^^^^^^^^^^^^^^^^
  File "C:\Users\mlarr\OneDrive\Documentos\Proyectos\sushi-ross\venv\Lib\site-packages\rest_framework\views.py", line 475, in handle_exception
    self.raise_uncaught_exception(exc)
  File "C:\Users\mlarr\OneDrive\Documentos\Proyectos\sushi-ross\venv\Lib\site-packages\rest_framework\views.py", line 486, in raise_uncaught_exception
    raise exc
  File "C:\Users\mlarr\OneDrive\Documentos\Proyectos\sushi-ross\venv\Lib\site-packages\rest_framework\views.py", line 512, in dispatch
    response = handler(request, *args, **kwargs)
               ^^^^^^^^^^^^^^^^^^^^^^^^^^^^^^^^^
  File "C:\Users\mlarr\OneDrive\Documentos\Proyectos\sushi-ross\venv\Lib\site-packages\rest_framework\mixins.py", line 19, in create
    self.perform_create(serializer)
  File "C:\Users\mlarr\OneDrive\Documentos\Proyectos\sushi-ross\server\views.py", line 197, in perform_create
    pedido = Pedido(**serializer.validated_data)
             ^^^^^^^^^^^^^^^^^^^^^^^^^^^^^^^^^^^
  File "C:\Users\mlarr\OneDrive\Documentos\Proyectos\sushi-ross\venv\Lib\site-packages\django\db\models\base.py", line 566, in __init__
    _setattr(self, prop, value)
  File "C:\Users\mlarr\OneDrive\Documentos\Proyectos\sushi-ross\venv\Lib\site-packages\django\db\models\fields\related_descriptors.py", line 665, in __set__
    raise TypeError(
TypeError: Direct assignment to the reverse side of a related set is prohibited. Use detalle_pedido.set() instead.
"POST /Pedido/ HTTP/1.1" 500 111393
Internal Server Error: /Pedido/
Traceback (most recent call last):
  File "C:\Users\mlarr\OneDrive\Documentos\Proyectos\sushi-ross\venv\Lib\site-packages\django\core\handlers\exception.py", line 55, in inner
    response = get_response(request)
               ^^^^^^^^^^^^^^^^^^^^^
  File "C:\Users\mlarr\OneDrive\Documentos\Proyectos\sushi-ross\venv\Lib\site-packages\django\core\handlers\base.py", line 197, in _get_response
    response = wrapped_callback(request, *callback_args, **callback_kwargs)
               ^^^^^^^^^^^^^^^^^^^^^^^^^^^^^^^^^^^^^^^^^^^^^^^^^^^^^^^^^^^^
  File "C:\Users\mlarr\OneDrive\Documentos\Proyectos\sushi-ross\venv\Lib\site-packages\django\views\decorators\csrf.py", line 65, in _view_wrapper
    return view_func(request, *args, **kwargs)
           ^^^^^^^^^^^^^^^^^^^^^^^^^^^^^^^^^^^
  File "C:\Users\mlarr\OneDrive\Documentos\Proyectos\sushi-ross\venv\Lib\site-packages\rest_framework\viewsets.py", line 125, in view
    return self.dispatch(request, *args, **kwargs)
           ^^^^^^^^^^^^^^^^^^^^^^^^^^^^^^^^^^^^^^^
  File "C:\Users\mlarr\OneDrive\Documentos\Proyectos\sushi-ross\venv\Lib\site-packages\rest_framework\views.py", line 515, in dispatch
    response = self.handle_exception(exc)
               ^^^^^^^^^^^^^^^^^^^^^^^^^^
  File "C:\Users\mlarr\OneDrive\Documentos\Proyectos\sushi-ross\venv\Lib\site-packages\rest_framework\views.py", line 475, in handle_exception
    self.raise_uncaught_exception(exc)
  File "C:\Users\mlarr\OneDrive\Documentos\Proyectos\sushi-ross\venv\Lib\site-packages\rest_framework\views.py", line 486, in raise_uncaught_exception
    raise exc
  File "C:\Users\mlarr\OneDrive\Documentos\Proyectos\sushi-ross\venv\Lib\site-packages\rest_framework\views.py", line 512, in dispatch
    response = handler(request, *args, **kwargs)
               ^^^^^^^^^^^^^^^^^^^^^^^^^^^^^^^^^
  File "C:\Users\mlarr\OneDrive\Documentos\Proyectos\sushi-ross\venv\Lib\site-packages\rest_framework\mixins.py", line 19, in create
    self.perform_create(serializer)
  File "C:\Users\mlarr\OneDrive\Documentos\Proyectos\sushi-ross\server\views.py", line 197, in perform_create
    pedido = Pedido(**serializer.validated_data)
             ^^^^^^^^^^^^^^^^^^^^^^^^^^^^^^^^^^^
  File "C:\Users\mlarr\OneDrive\Documentos\Proyectos\sushi-ross\venv\Lib\site-packages\django\db\models\base.py", line 566, in __init__
    _setattr(self, prop, value)
  File "C:\Users\mlarr\OneDrive\Documentos\Proyectos\sushi-ross\venv\Lib\site-packages\django\db\models\fields\related_descriptors.py", line 665, in __set__
    raise TypeError(
TypeError: Direct assignment to the reverse side of a related set is prohibited. Use detalle_pedido.set() instead.
"POST /Pedido/ HTTP/1.1" 500 111393
Internal Server Error: /Pedido/
Traceback (most recent call last):
  File "C:\Users\mlarr\OneDrive\Documentos\Proyectos\sushi-ross\venv\Lib\site-packages\django\core\handlers\exception.py", line 55, in inner
    response = get_response(request)
               ^^^^^^^^^^^^^^^^^^^^^
  File "C:\Users\mlarr\OneDrive\Documentos\Proyectos\sushi-ross\venv\Lib\site-packages\django\core\handlers\base.py", line 197, in _get_response
    response = wrapped_callback(request, *callback_args, **callback_kwargs)
               ^^^^^^^^^^^^^^^^^^^^^^^^^^^^^^^^^^^^^^^^^^^^^^^^^^^^^^^^^^^^
  File "C:\Users\mlarr\OneDrive\Documentos\Proyectos\sushi-ross\venv\Lib\site-packages\django\views\decorators\csrf.py", line 65, in _view_wrapper
    return view_func(request, *args, **kwargs)
           ^^^^^^^^^^^^^^^^^^^^^^^^^^^^^^^^^^^
  File "C:\Users\mlarr\OneDrive\Documentos\Proyectos\sushi-ross\venv\Lib\site-packages\rest_framework\viewsets.py", line 125, in view
    return self.dispatch(request, *args, **kwargs)
           ^^^^^^^^^^^^^^^^^^^^^^^^^^^^^^^^^^^^^^^
  File "C:\Users\mlarr\OneDrive\Documentos\Proyectos\sushi-ross\venv\Lib\site-packages\rest_framework\views.py", line 515, in dispatch
    response = self.handle_exception(exc)
               ^^^^^^^^^^^^^^^^^^^^^^^^^^
  File "C:\Users\mlarr\OneDrive\Documentos\Proyectos\sushi-ross\venv\Lib\site-packages\rest_framework\views.py", line 475, in handle_exception
    self.raise_uncaught_exception(exc)
  File "C:\Users\mlarr\OneDrive\Documentos\Proyectos\sushi-ross\venv\Lib\site-packages\rest_framework\views.py", line 486, in raise_uncaught_exception
    raise exc
  File "C:\Users\mlarr\OneDrive\Documentos\Proyectos\sushi-ross\venv\Lib\site-packages\rest_framework\views.py", line 512, in dispatch
    response = handler(request, *args, **kwargs)
               ^^^^^^^^^^^^^^^^^^^^^^^^^^^^^^^^^
  File "C:\Users\mlarr\OneDrive\Documentos\Proyectos\sushi-ross\venv\Lib\site-packages\rest_framework\mixins.py", line 19, in create
    self.perform_create(serializer)
  File "C:\Users\mlarr\OneDrive\Documentos\Proyectos\sushi-ross\server\views.py", line 197, in perform_create
    pedido = Pedido(**serializer.validated_data)
             ^^^^^^^^^^^^^^^^^^^^^^^^^^^^^^^^^^^
  File "C:\Users\mlarr\OneDrive\Documentos\Proyectos\sushi-ross\venv\Lib\site-packages\django\db\models\base.py", line 566, in __init__
    _setattr(self, prop, value)
  File "C:\Users\mlarr\OneDrive\Documentos\Proyectos\sushi-ross\venv\Lib\site-packages\django\db\models\fields\related_descriptors.py", line 665, in __set__
    raise TypeError(
TypeError: Direct assignment to the reverse side of a related set is prohibited. Use detalle_pedido.set() instead.
"POST /Pedido/ HTTP/1.1" 500 111393
Internal Server Error: /Pedido/
Traceback (most recent call last):
  File "C:\Users\mlarr\OneDrive\Documentos\Proyectos\sushi-ross\venv\Lib\site-packages\django\core\handlers\exception.py", line 55, in inner
    response = get_response(request)
               ^^^^^^^^^^^^^^^^^^^^^
  File "C:\Users\mlarr\OneDrive\Documentos\Proyectos\sushi-ross\venv\Lib\site-packages\django\core\handlers\base.py", line 197, in _get_response
    response = wrapped_callback(request, *callback_args, **callback_kwargs)
               ^^^^^^^^^^^^^^^^^^^^^^^^^^^^^^^^^^^^^^^^^^^^^^^^^^^^^^^^^^^^
  File "C:\Users\mlarr\OneDrive\Documentos\Proyectos\sushi-ross\venv\Lib\site-packages\django\views\decorators\csrf.py", line 65, in _view_wrapper
    return view_func(request, *args, **kwargs)
           ^^^^^^^^^^^^^^^^^^^^^^^^^^^^^^^^^^^
  File "C:\Users\mlarr\OneDrive\Documentos\Proyectos\sushi-ross\venv\Lib\site-packages\rest_framework\viewsets.py", line 125, in view
    return self.dispatch(request, *args, **kwargs)
           ^^^^^^^^^^^^^^^^^^^^^^^^^^^^^^^^^^^^^^^
  File "C:\Users\mlarr\OneDrive\Documentos\Proyectos\sushi-ross\venv\Lib\site-packages\rest_framework\views.py", line 515, in dispatch
    response = self.handle_exception(exc)
               ^^^^^^^^^^^^^^^^^^^^^^^^^^
  File "C:\Users\mlarr\OneDrive\Documentos\Proyectos\sushi-ross\venv\Lib\site-packages\rest_framework\views.py", line 475, in handle_exception
    self.raise_uncaught_exception(exc)
  File "C:\Users\mlarr\OneDrive\Documentos\Proyectos\sushi-ross\venv\Lib\site-packages\rest_framework\views.py", line 486, in raise_uncaught_exception
    raise exc
  File "C:\Users\mlarr\OneDrive\Documentos\Proyectos\sushi-ross\venv\Lib\site-packages\rest_framework\views.py", line 512, in dispatch
    response = handler(request, *args, **kwargs)
               ^^^^^^^^^^^^^^^^^^^^^^^^^^^^^^^^^
  File "C:\Users\mlarr\OneDrive\Documentos\Proyectos\sushi-ross\venv\Lib\site-packages\rest_framework\mixins.py", line 19, in create
    self.perform_create(serializer)
  File "C:\Users\mlarr\OneDrive\Documentos\Proyectos\sushi-ross\server\views.py", line 197, in perform_create
    pedido = Pedido(**serializer.validated_data)
             ^^^^^^^^^^^^^^^^^^^^^^^^^^^^^^^^^^^
  File "C:\Users\mlarr\OneDrive\Documentos\Proyectos\sushi-ross\venv\Lib\site-packages\django\db\models\base.py", line 566, in __init__
    _setattr(self, prop, value)
  File "C:\Users\mlarr\OneDrive\Documentos\Proyectos\sushi-ross\venv\Lib\site-packages\django\db\models\fields\related_descriptors.py", line 665, in __set__
    raise TypeError(
TypeError: Direct assignment to the reverse side of a related set is prohibited. Use detalle_pedido.set() instead.
"POST /Pedido/ HTTP/1.1" 500 111393
Internal Server Error: /Pedido/
Traceback (most recent call last):
  File "C:\Users\mlarr\OneDrive\Documentos\Proyectos\sushi-ross\venv\Lib\site-packages\django\core\handlers\exception.py", line 55, in inner
    response = get_response(request)
               ^^^^^^^^^^^^^^^^^^^^^
  File "C:\Users\mlarr\OneDrive\Documentos\Proyectos\sushi-ross\venv\Lib\site-packages\django\core\handlers\base.py", line 197, in _get_response
    response = wrapped_callback(request, *callback_args, **callback_kwargs)
               ^^^^^^^^^^^^^^^^^^^^^^^^^^^^^^^^^^^^^^^^^^^^^^^^^^^^^^^^^^^^
  File "C:\Users\mlarr\OneDrive\Documentos\Proyectos\sushi-ross\venv\Lib\site-packages\django\views\decorators\csrf.py", line 65, in _view_wrapper
    return view_func(request, *args, **kwargs)
           ^^^^^^^^^^^^^^^^^^^^^^^^^^^^^^^^^^^
  File "C:\Users\mlarr\OneDrive\Documentos\Proyectos\sushi-ross\venv\Lib\site-packages\rest_framework\viewsets.py", line 125, in view
    return self.dispatch(request, *args, **kwargs)
           ^^^^^^^^^^^^^^^^^^^^^^^^^^^^^^^^^^^^^^^
  File "C:\Users\mlarr\OneDrive\Documentos\Proyectos\sushi-ross\venv\Lib\site-packages\rest_framework\views.py", line 515, in dispatch
    response = self.handle_exception(exc)
               ^^^^^^^^^^^^^^^^^^^^^^^^^^
  File "C:\Users\mlarr\OneDrive\Documentos\Proyectos\sushi-ross\venv\Lib\site-packages\rest_framework\views.py", line 475, in handle_exception
    self.raise_uncaught_exception(exc)
  File "C:\Users\mlarr\OneDrive\Documentos\Proyectos\sushi-ross\venv\Lib\site-packages\rest_framework\views.py", line 486, in raise_uncaught_exception
    raise exc
  File "C:\Users\mlarr\OneDrive\Documentos\Proyectos\sushi-ross\venv\Lib\site-packages\rest_framework\views.py", line 512, in dispatch
    response = handler(request, *args, **kwargs)
               ^^^^^^^^^^^^^^^^^^^^^^^^^^^^^^^^^
  File "C:\Users\mlarr\OneDrive\Documentos\Proyectos\sushi-ross\venv\Lib\site-packages\rest_framework\mixins.py", line 19, in create
    self.perform_create(serializer)
  File "C:\Users\mlarr\OneDrive\Documentos\Proyectos\sushi-ross\server\views.py", line 197, in perform_create
    pedido = Pedido(**serializer.validated_data)
             ^^^^^^^^^^^^^^^^^^^^^^^^^^^^^^^^^^^
  File "C:\Users\mlarr\OneDrive\Documentos\Proyectos\sushi-ross\venv\Lib\site-packages\django\db\models\base.py", line 566, in __init__
    _setattr(self, prop, value)
  File "C:\Users\mlarr\OneDrive\Documentos\Proyectos\sushi-ross\venv\Lib\site-packages\django\db\models\fields\related_descriptors.py", line 665, in __set__
    raise TypeError(
TypeError: Direct assignment to the reverse side of a related set is prohibited. Use detalle_pedido.set() instead.
"POST /Pedido/ HTTP/1.1" 500 111515
Internal Server Error: /Pedido/
Traceback (most recent call last):
  File "C:\Users\mlarr\OneDrive\Documentos\Proyectos\sushi-ross\venv\Lib\site-packages\django\core\handlers\exception.py", line 55, in inner
    response = get_response(request)
               ^^^^^^^^^^^^^^^^^^^^^
  File "C:\Users\mlarr\OneDrive\Documentos\Proyectos\sushi-ross\venv\Lib\site-packages\django\core\handlers\base.py", line 197, in _get_response
    response = wrapped_callback(request, *callback_args, **callback_kwargs)
               ^^^^^^^^^^^^^^^^^^^^^^^^^^^^^^^^^^^^^^^^^^^^^^^^^^^^^^^^^^^^
  File "C:\Users\mlarr\OneDrive\Documentos\Proyectos\sushi-ross\venv\Lib\site-packages\django\views\decorators\csrf.py", line 65, in _view_wrapper
    return view_func(request, *args, **kwargs)
           ^^^^^^^^^^^^^^^^^^^^^^^^^^^^^^^^^^^
  File "C:\Users\mlarr\OneDrive\Documentos\Proyectos\sushi-ross\venv\Lib\site-packages\rest_framework\viewsets.py", line 125, in view
    return self.dispatch(request, *args, **kwargs)
           ^^^^^^^^^^^^^^^^^^^^^^^^^^^^^^^^^^^^^^^
  File "C:\Users\mlarr\OneDrive\Documentos\Proyectos\sushi-ross\venv\Lib\site-packages\rest_framework\views.py", line 515, in dispatch
    response = self.handle_exception(exc)
               ^^^^^^^^^^^^^^^^^^^^^^^^^^
  File "C:\Users\mlarr\OneDrive\Documentos\Proyectos\sushi-ross\venv\Lib\site-packages\rest_framework\views.py", line 475, in handle_exception
    self.raise_uncaught_exception(exc)
  File "C:\Users\mlarr\OneDrive\Documentos\Proyectos\sushi-ross\venv\Lib\site-packages\rest_framework\views.py", line 486, in raise_uncaught_exception
    raise exc
  File "C:\Users\mlarr\OneDrive\Documentos\Proyectos\sushi-ross\venv\Lib\site-packages\rest_framework\views.py", line 512, in dispatch
    response = handler(request, *args, **kwargs)
               ^^^^^^^^^^^^^^^^^^^^^^^^^^^^^^^^^
  File "C:\Users\mlarr\OneDrive\Documentos\Proyectos\sushi-ross\venv\Lib\site-packages\rest_framework\mixins.py", line 19, in create
    self.perform_create(serializer)
  File "C:\Users\mlarr\OneDrive\Documentos\Proyectos\sushi-ross\server\views.py", line 197, in perform_create
    pedido = Pedido(**serializer.validated_data)
             ^^^^^^^^^^^^^^^^^^^^^^^^^^^^^^^^^^^
  File "C:\Users\mlarr\OneDrive\Documentos\Proyectos\sushi-ross\venv\Lib\site-packages\django\db\models\base.py", line 566, in __init__
    _setattr(self, prop, value)
  File "C:\Users\mlarr\OneDrive\Documentos\Proyectos\sushi-ross\venv\Lib\site-packages\django\db\models\fields\related_descriptors.py", line 665, in __set__
    raise TypeError(
TypeError: Direct assignment to the reverse side of a related set is prohibited. Use detalle_pedido.set() instead.
"POST /Pedido/ HTTP/1.1" 500 111515
Internal Server Error: /Pedido/
Traceback (most recent call last):
  File "C:\Users\mlarr\OneDrive\Documentos\Proyectos\sushi-ross\venv\Lib\site-packages\django\core\handlers\exception.py", line 55, in inner
    response = get_response(request)
               ^^^^^^^^^^^^^^^^^^^^^
  File "C:\Users\mlarr\OneDrive\Documentos\Proyectos\sushi-ross\venv\Lib\site-packages\django\core\handlers\base.py", line 197, in _get_response
    response = wrapped_callback(request, *callback_args, **callback_kwargs)
               ^^^^^^^^^^^^^^^^^^^^^^^^^^^^^^^^^^^^^^^^^^^^^^^^^^^^^^^^^^^^
  File "C:\Users\mlarr\OneDrive\Documentos\Proyectos\sushi-ross\venv\Lib\site-packages\django\views\decorators\csrf.py", line 65, in _view_wrapper
    return view_func(request, *args, **kwargs)
           ^^^^^^^^^^^^^^^^^^^^^^^^^^^^^^^^^^^
  File "C:\Users\mlarr\OneDrive\Documentos\Proyectos\sushi-ross\venv\Lib\site-packages\rest_framework\viewsets.py", line 125, in view
    return self.dispatch(request, *args, **kwargs)
           ^^^^^^^^^^^^^^^^^^^^^^^^^^^^^^^^^^^^^^^
  File "C:\Users\mlarr\OneDrive\Documentos\Proyectos\sushi-ross\venv\Lib\site-packages\rest_framework\views.py", line 515, in dispatch
    response = self.handle_exception(exc)
               ^^^^^^^^^^^^^^^^^^^^^^^^^^
  File "C:\Users\mlarr\OneDrive\Documentos\Proyectos\sushi-ross\venv\Lib\site-packages\rest_framework\views.py", line 475, in handle_exception
    self.raise_uncaught_exception(exc)
  File "C:\Users\mlarr\OneDrive\Documentos\Proyectos\sushi-ross\venv\Lib\site-packages\rest_framework\views.py", line 486, in raise_uncaught_exception
    raise exc
  File "C:\Users\mlarr\OneDrive\Documentos\Proyectos\sushi-ross\venv\Lib\site-packages\rest_framework\views.py", line 512, in dispatch
    response = handler(request, *args, **kwargs)
               ^^^^^^^^^^^^^^^^^^^^^^^^^^^^^^^^^
  File "C:\Users\mlarr\OneDrive\Documentos\Proyectos\sushi-ross\venv\Lib\site-packages\rest_framework\mixins.py", line 19, in create
    self.perform_create(serializer)
  File "C:\Users\mlarr\OneDrive\Documentos\Proyectos\sushi-ross\server\views.py", line 197, in perform_create
    pedido = Pedido(**serializer.validated_data)
             ^^^^^^^^^^^^^^^^^^^^^^^^^^^^^^^^^^^
  File "C:\Users\mlarr\OneDrive\Documentos\Proyectos\sushi-ross\venv\Lib\site-packages\django\db\models\base.py", line 566, in __init__
    _setattr(self, prop, value)
  File "C:\Users\mlarr\OneDrive\Documentos\Proyectos\sushi-ross\venv\Lib\site-packages\django\db\models\fields\related_descriptors.py", line 665, in __set__
    raise TypeError(
TypeError: Direct assignment to the reverse side of a related set is prohibited. Use detalle_pedido.set() instead.
"POST /Pedido/ HTTP/1.1" 500 111515
Internal Server Error: /Pedido/
Traceback (most recent call last):
  File "C:\Users\mlarr\OneDrive\Documentos\Proyectos\sushi-ross\venv\Lib\site-packages\django\core\handlers\exception.py", line 55, in inner
    response = get_response(request)
               ^^^^^^^^^^^^^^^^^^^^^
  File "C:\Users\mlarr\OneDrive\Documentos\Proyectos\sushi-ross\venv\Lib\site-packages\django\core\handlers\base.py", line 197, in _get_response
    response = wrapped_callback(request, *callback_args, **callback_kwargs)
               ^^^^^^^^^^^^^^^^^^^^^^^^^^^^^^^^^^^^^^^^^^^^^^^^^^^^^^^^^^^^
  File "C:\Users\mlarr\OneDrive\Documentos\Proyectos\sushi-ross\venv\Lib\site-packages\django\views\decorators\csrf.py", line 65, in _view_wrapper
    return view_func(request, *args, **kwargs)
           ^^^^^^^^^^^^^^^^^^^^^^^^^^^^^^^^^^^
  File "C:\Users\mlarr\OneDrive\Documentos\Proyectos\sushi-ross\venv\Lib\site-packages\rest_framework\viewsets.py", line 125, in view
    return self.dispatch(request, *args, **kwargs)
           ^^^^^^^^^^^^^^^^^^^^^^^^^^^^^^^^^^^^^^^
  File "C:\Users\mlarr\OneDrive\Documentos\Proyectos\sushi-ross\venv\Lib\site-packages\rest_framework\views.py", line 515, in dispatch
    response = self.handle_exception(exc)
               ^^^^^^^^^^^^^^^^^^^^^^^^^^
  File "C:\Users\mlarr\OneDrive\Documentos\Proyectos\sushi-ross\venv\Lib\site-packages\rest_framework\views.py", line 475, in handle_exception
    self.raise_uncaught_exception(exc)
  File "C:\Users\mlarr\OneDrive\Documentos\Proyectos\sushi-ross\venv\Lib\site-packages\rest_framework\views.py", line 486, in raise_uncaught_exception
    raise exc
  File "C:\Users\mlarr\OneDrive\Documentos\Proyectos\sushi-ross\venv\Lib\site-packages\rest_framework\views.py", line 512, in dispatch
    response = handler(request, *args, **kwargs)
               ^^^^^^^^^^^^^^^^^^^^^^^^^^^^^^^^^
  File "C:\Users\mlarr\OneDrive\Documentos\Proyectos\sushi-ross\venv\Lib\site-packages\rest_framework\mixins.py", line 19, in create
    self.perform_create(serializer)
  File "C:\Users\mlarr\OneDrive\Documentos\Proyectos\sushi-ross\server\views.py", line 197, in perform_create
    pedido = Pedido(**serializer.validated_data)
             ^^^^^^^^^^^^^^^^^^^^^^^^^^^^^^^^^^^
  File "C:\Users\mlarr\OneDrive\Documentos\Proyectos\sushi-ross\venv\Lib\site-packages\django\db\models\base.py", line 566, in __init__
    _setattr(self, prop, value)
  File "C:\Users\mlarr\OneDrive\Documentos\Proyectos\sushi-ross\venv\Lib\site-packages\django\db\models\fields\related_descriptors.py", line 665, in __set__
    raise TypeError(
TypeError: Direct assignment to the reverse side of a related set is prohibited. Use detalle_pedido.set() instead.
"POST /Pedido/ HTTP/1.1" 500 111515
Internal Server Error: /Pedido/3c6b92ab-88cf-45e6-b38b-ec99be70d5a0
Traceback (most recent call last):
  File "C:\Users\mlarr\OneDrive\Documentos\Proyectos\sushi-ross\venv\Lib\site-packages\django\core\handlers\exception.py", line 55, in inner
    response = get_response(request)
               ^^^^^^^^^^^^^^^^^^^^^
  File "C:\Users\mlarr\OneDrive\Documentos\Proyectos\sushi-ross\venv\Lib\site-packages\django\utils\deprecation.py", line 122, in __call__
    response = self.process_response(request, response)
               ^^^^^^^^^^^^^^^^^^^^^^^^^^^^^^^^^^^^^^^^
  File "C:\Users\mlarr\OneDrive\Documentos\Proyectos\sushi-ross\venv\Lib\site-packages\django\middleware\common.py", line 108, in process_response
    return self.response_redirect_class(self.get_full_path_with_slash(request))
                                        ^^^^^^^^^^^^^^^^^^^^^^^^^^^^^^^^^^^^^^
  File "C:\Users\mlarr\OneDrive\Documentos\Proyectos\sushi-ross\venv\Lib\site-packages\django\middleware\common.py", line 87, in get_full_path_with_slash
    raise RuntimeError(
RuntimeError: You called this URL via PATCH, but the URL doesn't end in a slash and you have APPEND_SLASH set. Django can't redirect to the slash URL while maintaining PATCH data. Change your form to point to 127.0.0.1:8000/Pedido/3c6b92ab-88cf-45e6-b38b-ec99be70d5a0/ (note the trailing slash), or set APPEND_SLASH=False in your Django settings.
"PATCH /Pedido/3c6b92ab-88cf-45e6-b38b-ec99be70d5a0 HTTP/1.1" 500 70516
Internal Server Error: /users/register/
"POST /users/register/ HTTP/1.1" 500 97
Internal Server Error: /Pedido/
Traceback (most recent call last):
  File "C:\Users\mlarr\OneDrive\Documentos\Proyectos\sushi-ross\venv\Lib\site-packages\django\core\handlers\exception.py", line 55, in inner
    response = get_response(request)
               ^^^^^^^^^^^^^^^^^^^^^
  File "C:\Users\mlarr\OneDrive\Documentos\Proyectos\sushi-ross\venv\Lib\site-packages\django\core\handlers\base.py", line 197, in _get_response
    response = wrapped_callback(request, *callback_args, **callback_kwargs)
               ^^^^^^^^^^^^^^^^^^^^^^^^^^^^^^^^^^^^^^^^^^^^^^^^^^^^^^^^^^^^
  File "C:\Users\mlarr\OneDrive\Documentos\Proyectos\sushi-ross\venv\Lib\site-packages\django\views\decorators\csrf.py", line 65, in _view_wrapper
    return view_func(request, *args, **kwargs)
           ^^^^^^^^^^^^^^^^^^^^^^^^^^^^^^^^^^^
  File "C:\Users\mlarr\OneDrive\Documentos\Proyectos\sushi-ross\venv\Lib\site-packages\rest_framework\viewsets.py", line 125, in view
    return self.dispatch(request, *args, **kwargs)
           ^^^^^^^^^^^^^^^^^^^^^^^^^^^^^^^^^^^^^^^
  File "C:\Users\mlarr\OneDrive\Documentos\Proyectos\sushi-ross\venv\Lib\site-packages\rest_framework\views.py", line 515, in dispatch
    response = self.handle_exception(exc)
               ^^^^^^^^^^^^^^^^^^^^^^^^^^
  File "C:\Users\mlarr\OneDrive\Documentos\Proyectos\sushi-ross\venv\Lib\site-packages\rest_framework\views.py", line 475, in handle_exception
    self.raise_uncaught_exception(exc)
  File "C:\Users\mlarr\OneDrive\Documentos\Proyectos\sushi-ross\venv\Lib\site-packages\rest_framework\views.py", line 486, in raise_uncaught_exception
    raise exc
  File "C:\Users\mlarr\OneDrive\Documentos\Proyectos\sushi-ross\venv\Lib\site-packages\rest_framework\views.py", line 512, in dispatch
    response = handler(request, *args, **kwargs)
               ^^^^^^^^^^^^^^^^^^^^^^^^^^^^^^^^^
  File "C:\Users\mlarr\OneDrive\Documentos\Proyectos\sushi-ross\venv\Lib\site-packages\rest_framework\mixins.py", line 19, in create
    self.perform_create(serializer)
  File "C:\Users\mlarr\OneDrive\Documentos\Proyectos\sushi-ross\server\views.py", line 202, in perform_create
    pedido = Pedido.objects.create(**validated_data)
             ^^^^^^^^^^^^^^^^^^^^^^^^^^^^^^^^^^^^^^^
  File "C:\Users\mlarr\OneDrive\Documentos\Proyectos\sushi-ross\venv\Lib\site-packages\django\db\models\manager.py", line 87, in manager_method
    return getattr(self.get_queryset(), name)(*args, **kwargs)
           ^^^^^^^^^^^^^^^^^^^^^^^^^^^^^^^^^^^^^^^^^^^^^^^^^^^
  File "C:\Users\mlarr\OneDrive\Documentos\Proyectos\sushi-ross\venv\Lib\site-packages\django\db\models\query.py", line 663, in create
    obj.save(force_insert=True, using=self.db)
  File "C:\Users\mlarr\OneDrive\Documentos\Proyectos\sushi-ross\pedidos\models.py", line 68, in save
    self.fecha = datetime.now().strftime("%d/%m/%y %H:%M")
                 ^^^^^^^^^^^^
AttributeError: module 'datetime' has no attribute 'now'
"POST /Pedido/ HTTP/1.1" 500 113613
Internal Server Error: /Pedido/
Traceback (most recent call last):
  File "C:\Users\mlarr\OneDrive\Documentos\Proyectos\sushi-ross\venv\Lib\site-packages\django\core\handlers\exception.py", line 55, in inner
    response = get_response(request)
               ^^^^^^^^^^^^^^^^^^^^^
  File "C:\Users\mlarr\OneDrive\Documentos\Proyectos\sushi-ross\venv\Lib\site-packages\django\core\handlers\base.py", line 197, in _get_response
    response = wrapped_callback(request, *callback_args, **callback_kwargs)
               ^^^^^^^^^^^^^^^^^^^^^^^^^^^^^^^^^^^^^^^^^^^^^^^^^^^^^^^^^^^^
  File "C:\Users\mlarr\OneDrive\Documentos\Proyectos\sushi-ross\venv\Lib\site-packages\django\views\decorators\csrf.py", line 65, in _view_wrapper
    return view_func(request, *args, **kwargs)
           ^^^^^^^^^^^^^^^^^^^^^^^^^^^^^^^^^^^
  File "C:\Users\mlarr\OneDrive\Documentos\Proyectos\sushi-ross\venv\Lib\site-packages\rest_framework\viewsets.py", line 125, in view
    return self.dispatch(request, *args, **kwargs)
           ^^^^^^^^^^^^^^^^^^^^^^^^^^^^^^^^^^^^^^^
  File "C:\Users\mlarr\OneDrive\Documentos\Proyectos\sushi-ross\venv\Lib\site-packages\rest_framework\views.py", line 515, in dispatch
    response = self.handle_exception(exc)
               ^^^^^^^^^^^^^^^^^^^^^^^^^^
  File "C:\Users\mlarr\OneDrive\Documentos\Proyectos\sushi-ross\venv\Lib\site-packages\rest_framework\views.py", line 475, in handle_exception
    self.raise_uncaught_exception(exc)
  File "C:\Users\mlarr\OneDrive\Documentos\Proyectos\sushi-ross\venv\Lib\site-packages\rest_framework\views.py", line 486, in raise_uncaught_exception
    raise exc
  File "C:\Users\mlarr\OneDrive\Documentos\Proyectos\sushi-ross\venv\Lib\site-packages\rest_framework\views.py", line 512, in dispatch
    response = handler(request, *args, **kwargs)
               ^^^^^^^^^^^^^^^^^^^^^^^^^^^^^^^^^
  File "C:\Users\mlarr\OneDrive\Documentos\Proyectos\sushi-ross\venv\Lib\site-packages\rest_framework\mixins.py", line 19, in create
    self.perform_create(serializer)
  File "C:\Users\mlarr\OneDrive\Documentos\Proyectos\sushi-ross\server\views.py", line 202, in perform_create
    pedido = Pedido.objects.create(**validated_data)
             ^^^^^^^^^^^^^^^^^^^^^^^^^^^^^^^^^^^^^^^
  File "C:\Users\mlarr\OneDrive\Documentos\Proyectos\sushi-ross\venv\Lib\site-packages\django\db\models\manager.py", line 87, in manager_method
    return getattr(self.get_queryset(), name)(*args, **kwargs)
           ^^^^^^^^^^^^^^^^^^^^^^^^^^^^^^^^^^^^^^^^^^^^^^^^^^^
  File "C:\Users\mlarr\OneDrive\Documentos\Proyectos\sushi-ross\venv\Lib\site-packages\django\db\models\query.py", line 663, in create
    obj.save(force_insert=True, using=self.db)
  File "C:\Users\mlarr\OneDrive\Documentos\Proyectos\sushi-ross\pedidos\models.py", line 68, in save
    self.fecha = datetime.now().strftime("%d/%m/%y %H:%M")
                 ^^^^^^^^^^^^
AttributeError: module 'datetime' has no attribute 'now'
"POST /Pedido/ HTTP/1.1" 500 113763
Internal Server Error: /Pedido/4d06d4c6fc5f40a199f02d46e4ea0d38
Traceback (most recent call last):
  File "C:\Users\mlarr\OneDrive\Documentos\Proyectos\sushi-ross\venv\Lib\site-packages\django\core\handlers\exception.py", line 55, in inner
    response = get_response(request)
               ^^^^^^^^^^^^^^^^^^^^^
  File "C:\Users\mlarr\OneDrive\Documentos\Proyectos\sushi-ross\venv\Lib\site-packages\django\utils\deprecation.py", line 122, in __call__
    response = self.process_response(request, response)
               ^^^^^^^^^^^^^^^^^^^^^^^^^^^^^^^^^^^^^^^^
  File "C:\Users\mlarr\OneDrive\Documentos\Proyectos\sushi-ross\venv\Lib\site-packages\django\middleware\common.py", line 108, in process_response
    return self.response_redirect_class(self.get_full_path_with_slash(request))
                                        ^^^^^^^^^^^^^^^^^^^^^^^^^^^^^^^^^^^^^^
  File "C:\Users\mlarr\OneDrive\Documentos\Proyectos\sushi-ross\venv\Lib\site-packages\django\middleware\common.py", line 87, in get_full_path_with_slash
    raise RuntimeError(
RuntimeError: You called this URL via POST, but the URL doesn't end in a slash and you have APPEND_SLASH set. Django can't redirect to the slash URL while maintaining POST data. Change your form to point to 127.0.0.1:8000/Pedido/4d06d4c6fc5f40a199f02d46e4ea0d38/ (note the trailing slash), or set APPEND_SLASH=False in your Django settings.
"POST /Pedido/4d06d4c6fc5f40a199f02d46e4ea0d38 HTTP/1.1" 500 70443
Internal Server Error: /Pedido/4d06d4c6fc5f40a199f02d46e4ea0d38
Traceback (most recent call last):
  File "C:\Users\mlarr\OneDrive\Documentos\Proyectos\sushi-ross\venv\Lib\site-packages\django\core\handlers\exception.py", line 55, in inner
    response = get_response(request)
               ^^^^^^^^^^^^^^^^^^^^^
  File "C:\Users\mlarr\OneDrive\Documentos\Proyectos\sushi-ross\venv\Lib\site-packages\django\utils\deprecation.py", line 122, in __call__
    response = self.process_response(request, response)
               ^^^^^^^^^^^^^^^^^^^^^^^^^^^^^^^^^^^^^^^^
  File "C:\Users\mlarr\OneDrive\Documentos\Proyectos\sushi-ross\venv\Lib\site-packages\django\middleware\common.py", line 108, in process_response
    return self.response_redirect_class(self.get_full_path_with_slash(request))
                                        ^^^^^^^^^^^^^^^^^^^^^^^^^^^^^^^^^^^^^^
  File "C:\Users\mlarr\OneDrive\Documentos\Proyectos\sushi-ross\venv\Lib\site-packages\django\middleware\common.py", line 87, in get_full_path_with_slash
    raise RuntimeError(
RuntimeError: You called this URL via DELETE, but the URL doesn't end in a slash and you have APPEND_SLASH set. Django can't redirect to the slash URL while maintaining DELETE data. Change your form to point to 127.0.0.1:8000/Pedido/4d06d4c6fc5f40a199f02d46e4ea0d38/ (note the trailing slash), or set APPEND_SLASH=False in your Django settings.
"DELETE /Pedido/4d06d4c6fc5f40a199f02d46e4ea0d38 HTTP/1.1" 500 70472
Internal Server Error: /Pedido/
Traceback (most recent call last):
  File "C:\Users\mlarr\OneDrive\Documentos\Proyectos\sushi-ross\venv\Lib\site-packages\django\core\handlers\exception.py", line 55, in inner
    response = get_response(request)
               ^^^^^^^^^^^^^^^^^^^^^
  File "C:\Users\mlarr\OneDrive\Documentos\Proyectos\sushi-ross\venv\Lib\site-packages\django\core\handlers\base.py", line 197, in _get_response
    response = wrapped_callback(request, *callback_args, **callback_kwargs)
               ^^^^^^^^^^^^^^^^^^^^^^^^^^^^^^^^^^^^^^^^^^^^^^^^^^^^^^^^^^^^
  File "C:\Users\mlarr\OneDrive\Documentos\Proyectos\sushi-ross\venv\Lib\site-packages\django\views\decorators\csrf.py", line 65, in _view_wrapper
    return view_func(request, *args, **kwargs)
           ^^^^^^^^^^^^^^^^^^^^^^^^^^^^^^^^^^^
  File "C:\Users\mlarr\OneDrive\Documentos\Proyectos\sushi-ross\venv\Lib\site-packages\rest_framework\viewsets.py", line 125, in view
    return self.dispatch(request, *args, **kwargs)
           ^^^^^^^^^^^^^^^^^^^^^^^^^^^^^^^^^^^^^^^
  File "C:\Users\mlarr\OneDrive\Documentos\Proyectos\sushi-ross\venv\Lib\site-packages\rest_framework\views.py", line 515, in dispatch
    response = self.handle_exception(exc)
               ^^^^^^^^^^^^^^^^^^^^^^^^^^
  File "C:\Users\mlarr\OneDrive\Documentos\Proyectos\sushi-ross\venv\Lib\site-packages\rest_framework\views.py", line 475, in handle_exception
    self.raise_uncaught_exception(exc)
  File "C:\Users\mlarr\OneDrive\Documentos\Proyectos\sushi-ross\venv\Lib\site-packages\rest_framework\views.py", line 486, in raise_uncaught_exception
    raise exc
  File "C:\Users\mlarr\OneDrive\Documentos\Proyectos\sushi-ross\venv\Lib\site-packages\rest_framework\views.py", line 512, in dispatch
    response = handler(request, *args, **kwargs)
               ^^^^^^^^^^^^^^^^^^^^^^^^^^^^^^^^^
  File "C:\Users\mlarr\OneDrive\Documentos\Proyectos\sushi-ross\venv\Lib\site-packages\rest_framework\mixins.py", line 46, in list
    return Response(serializer.data)
                    ^^^^^^^^^^^^^^^
  File "C:\Users\mlarr\OneDrive\Documentos\Proyectos\sushi-ross\venv\Lib\site-packages\rest_framework\serializers.py", line 797, in data
    ret = super().data
          ^^^^^^^^^^^^
  File "C:\Users\mlarr\OneDrive\Documentos\Proyectos\sushi-ross\venv\Lib\site-packages\rest_framework\serializers.py", line 251, in data
    self._data = self.to_representation(self.instance)
                 ^^^^^^^^^^^^^^^^^^^^^^^^^^^^^^^^^^^^^
  File "C:\Users\mlarr\OneDrive\Documentos\Proyectos\sushi-ross\venv\Lib\site-packages\rest_framework\serializers.py", line 715, in to_representation
    return [
           ^
  File "C:\Users\mlarr\OneDrive\Documentos\Proyectos\sushi-ross\venv\Lib\site-packages\django\db\models\query.py", line 384, in __iter__
    self._fetch_all()
  File "C:\Users\mlarr\OneDrive\Documentos\Proyectos\sushi-ross\venv\Lib\site-packages\django\db\models\query.py", line 1935, in _fetch_all
    self._result_cache = list(self._iterable_class(self))
                         ^^^^^^^^^^^^^^^^^^^^^^^^^^^^^^^^
  File "C:\Users\mlarr\OneDrive\Documentos\Proyectos\sushi-ross\venv\Lib\site-packages\django\db\models\query.py", line 123, in __iter__
    for row in compiler.results_iter(results):
               ^^^^^^^^^^^^^^^^^^^^^^^^^^^^^^
  File "C:\Users\mlarr\OneDrive\Documentos\Proyectos\sushi-ross\venv\Lib\site-packages\django\db\models\sql\compiler.py", line 1540, in apply_converters
    value = converter(value, expression, connection)
            ^^^^^^^^^^^^^^^^^^^^^^^^^^^^^^^^^^^^^^^^
  File "C:\Users\mlarr\OneDrive\Documentos\Proyectos\sushi-ross\venv\Lib\site-packages\django\db\backends\sqlite3\operations.py", line 318, in convert_datetimefield_value
    value = parse_datetime(value)
            ^^^^^^^^^^^^^^^^^^^^^
  File "C:\Users\mlarr\OneDrive\Documentos\Proyectos\sushi-ross\venv\Lib\site-packages\django\utils\dateparse.py", line 114, in parse_datetime
    return datetime.datetime.fromisoformat(value)
           ^^^^^^^^^^^^^^^^^^^^^^^^^^^^^^^^^^^^^^
TypeError: fromisoformat: argument must be str
"GET /Pedido/ HTTP/1.1" 500 138939
Internal Server Error: /Pedido/
Traceback (most recent call last):
  File "C:\Users\mlarr\OneDrive\Documentos\Proyectos\sushi-ross\venv\Lib\site-packages\django\core\handlers\exception.py", line 55, in inner
    response = get_response(request)
               ^^^^^^^^^^^^^^^^^^^^^
  File "C:\Users\mlarr\OneDrive\Documentos\Proyectos\sushi-ross\venv\Lib\site-packages\django\core\handlers\base.py", line 197, in _get_response
    response = wrapped_callback(request, *callback_args, **callback_kwargs)
               ^^^^^^^^^^^^^^^^^^^^^^^^^^^^^^^^^^^^^^^^^^^^^^^^^^^^^^^^^^^^
  File "C:\Users\mlarr\OneDrive\Documentos\Proyectos\sushi-ross\venv\Lib\site-packages\django\views\decorators\csrf.py", line 65, in _view_wrapper
    return view_func(request, *args, **kwargs)
           ^^^^^^^^^^^^^^^^^^^^^^^^^^^^^^^^^^^
  File "C:\Users\mlarr\OneDrive\Documentos\Proyectos\sushi-ross\venv\Lib\site-packages\rest_framework\viewsets.py", line 125, in view
    return self.dispatch(request, *args, **kwargs)
           ^^^^^^^^^^^^^^^^^^^^^^^^^^^^^^^^^^^^^^^
  File "C:\Users\mlarr\OneDrive\Documentos\Proyectos\sushi-ross\venv\Lib\site-packages\rest_framework\views.py", line 515, in dispatch
    response = self.handle_exception(exc)
               ^^^^^^^^^^^^^^^^^^^^^^^^^^
  File "C:\Users\mlarr\OneDrive\Documentos\Proyectos\sushi-ross\venv\Lib\site-packages\rest_framework\views.py", line 475, in handle_exception
    self.raise_uncaught_exception(exc)
  File "C:\Users\mlarr\OneDrive\Documentos\Proyectos\sushi-ross\venv\Lib\site-packages\rest_framework\views.py", line 486, in raise_uncaught_exception
    raise exc
  File "C:\Users\mlarr\OneDrive\Documentos\Proyectos\sushi-ross\venv\Lib\site-packages\rest_framework\views.py", line 512, in dispatch
    response = handler(request, *args, **kwargs)
               ^^^^^^^^^^^^^^^^^^^^^^^^^^^^^^^^^
  File "C:\Users\mlarr\OneDrive\Documentos\Proyectos\sushi-ross\venv\Lib\site-packages\rest_framework\mixins.py", line 46, in list
    return Response(serializer.data)
                    ^^^^^^^^^^^^^^^
  File "C:\Users\mlarr\OneDrive\Documentos\Proyectos\sushi-ross\venv\Lib\site-packages\rest_framework\serializers.py", line 797, in data
    ret = super().data
          ^^^^^^^^^^^^
  File "C:\Users\mlarr\OneDrive\Documentos\Proyectos\sushi-ross\venv\Lib\site-packages\rest_framework\serializers.py", line 251, in data
    self._data = self.to_representation(self.instance)
                 ^^^^^^^^^^^^^^^^^^^^^^^^^^^^^^^^^^^^^
  File "C:\Users\mlarr\OneDrive\Documentos\Proyectos\sushi-ross\venv\Lib\site-packages\rest_framework\serializers.py", line 715, in to_representation
    return [
           ^
  File "C:\Users\mlarr\OneDrive\Documentos\Proyectos\sushi-ross\venv\Lib\site-packages\django\db\models\query.py", line 384, in __iter__
    self._fetch_all()
  File "C:\Users\mlarr\OneDrive\Documentos\Proyectos\sushi-ross\venv\Lib\site-packages\django\db\models\query.py", line 1935, in _fetch_all
    self._result_cache = list(self._iterable_class(self))
                         ^^^^^^^^^^^^^^^^^^^^^^^^^^^^^^^^
  File "C:\Users\mlarr\OneDrive\Documentos\Proyectos\sushi-ross\venv\Lib\site-packages\django\db\models\query.py", line 123, in __iter__
    for row in compiler.results_iter(results):
               ^^^^^^^^^^^^^^^^^^^^^^^^^^^^^^
  File "C:\Users\mlarr\OneDrive\Documentos\Proyectos\sushi-ross\venv\Lib\site-packages\django\db\models\sql\compiler.py", line 1540, in apply_converters
    value = converter(value, expression, connection)
            ^^^^^^^^^^^^^^^^^^^^^^^^^^^^^^^^^^^^^^^^
  File "C:\Users\mlarr\OneDrive\Documentos\Proyectos\sushi-ross\venv\Lib\site-packages\django\db\backends\sqlite3\operations.py", line 318, in convert_datetimefield_value
    value = parse_datetime(value)
            ^^^^^^^^^^^^^^^^^^^^^
  File "C:\Users\mlarr\OneDrive\Documentos\Proyectos\sushi-ross\venv\Lib\site-packages\django\utils\dateparse.py", line 114, in parse_datetime
    return datetime.datetime.fromisoformat(value)
           ^^^^^^^^^^^^^^^^^^^^^^^^^^^^^^^^^^^^^^
TypeError: fromisoformat: argument must be str
"GET /Pedido/ HTTP/1.1" 500 139089
Internal Server Error: /Pedido/
Traceback (most recent call last):
  File "C:\Users\mlarr\OneDrive\Documentos\Proyectos\sushi-ross\venv\Lib\site-packages\django\core\handlers\exception.py", line 55, in inner
    response = get_response(request)
               ^^^^^^^^^^^^^^^^^^^^^
  File "C:\Users\mlarr\OneDrive\Documentos\Proyectos\sushi-ross\venv\Lib\site-packages\django\core\handlers\base.py", line 197, in _get_response
    response = wrapped_callback(request, *callback_args, **callback_kwargs)
               ^^^^^^^^^^^^^^^^^^^^^^^^^^^^^^^^^^^^^^^^^^^^^^^^^^^^^^^^^^^^
  File "C:\Users\mlarr\OneDrive\Documentos\Proyectos\sushi-ross\venv\Lib\site-packages\django\views\decorators\csrf.py", line 65, in _view_wrapper
    return view_func(request, *args, **kwargs)
           ^^^^^^^^^^^^^^^^^^^^^^^^^^^^^^^^^^^
  File "C:\Users\mlarr\OneDrive\Documentos\Proyectos\sushi-ross\venv\Lib\site-packages\rest_framework\viewsets.py", line 125, in view
    return self.dispatch(request, *args, **kwargs)
           ^^^^^^^^^^^^^^^^^^^^^^^^^^^^^^^^^^^^^^^
  File "C:\Users\mlarr\OneDrive\Documentos\Proyectos\sushi-ross\venv\Lib\site-packages\rest_framework\views.py", line 515, in dispatch
    response = self.handle_exception(exc)
               ^^^^^^^^^^^^^^^^^^^^^^^^^^
  File "C:\Users\mlarr\OneDrive\Documentos\Proyectos\sushi-ross\venv\Lib\site-packages\rest_framework\views.py", line 475, in handle_exception
    self.raise_uncaught_exception(exc)
  File "C:\Users\mlarr\OneDrive\Documentos\Proyectos\sushi-ross\venv\Lib\site-packages\rest_framework\views.py", line 486, in raise_uncaught_exception
    raise exc
  File "C:\Users\mlarr\OneDrive\Documentos\Proyectos\sushi-ross\venv\Lib\site-packages\rest_framework\views.py", line 512, in dispatch
    response = handler(request, *args, **kwargs)
               ^^^^^^^^^^^^^^^^^^^^^^^^^^^^^^^^^
  File "C:\Users\mlarr\OneDrive\Documentos\Proyectos\sushi-ross\venv\Lib\site-packages\rest_framework\mixins.py", line 46, in list
    return Response(serializer.data)
                    ^^^^^^^^^^^^^^^
  File "C:\Users\mlarr\OneDrive\Documentos\Proyectos\sushi-ross\venv\Lib\site-packages\rest_framework\serializers.py", line 797, in data
    ret = super().data
          ^^^^^^^^^^^^
  File "C:\Users\mlarr\OneDrive\Documentos\Proyectos\sushi-ross\venv\Lib\site-packages\rest_framework\serializers.py", line 251, in data
    self._data = self.to_representation(self.instance)
                 ^^^^^^^^^^^^^^^^^^^^^^^^^^^^^^^^^^^^^
  File "C:\Users\mlarr\OneDrive\Documentos\Proyectos\sushi-ross\venv\Lib\site-packages\rest_framework\serializers.py", line 715, in to_representation
    return [
           ^
  File "C:\Users\mlarr\OneDrive\Documentos\Proyectos\sushi-ross\venv\Lib\site-packages\django\db\models\query.py", line 384, in __iter__
    self._fetch_all()
  File "C:\Users\mlarr\OneDrive\Documentos\Proyectos\sushi-ross\venv\Lib\site-packages\django\db\models\query.py", line 1935, in _fetch_all
    self._result_cache = list(self._iterable_class(self))
                         ^^^^^^^^^^^^^^^^^^^^^^^^^^^^^^^^
  File "C:\Users\mlarr\OneDrive\Documentos\Proyectos\sushi-ross\venv\Lib\site-packages\django\db\models\query.py", line 123, in __iter__
    for row in compiler.results_iter(results):
               ^^^^^^^^^^^^^^^^^^^^^^^^^^^^^^
  File "C:\Users\mlarr\OneDrive\Documentos\Proyectos\sushi-ross\venv\Lib\site-packages\django\db\models\sql\compiler.py", line 1540, in apply_converters
    value = converter(value, expression, connection)
            ^^^^^^^^^^^^^^^^^^^^^^^^^^^^^^^^^^^^^^^^
  File "C:\Users\mlarr\OneDrive\Documentos\Proyectos\sushi-ross\venv\Lib\site-packages\django\db\backends\sqlite3\operations.py", line 318, in convert_datetimefield_value
    value = parse_datetime(value)
            ^^^^^^^^^^^^^^^^^^^^^
  File "C:\Users\mlarr\OneDrive\Documentos\Proyectos\sushi-ross\venv\Lib\site-packages\django\utils\dateparse.py", line 114, in parse_datetime
    return datetime.datetime.fromisoformat(value)
           ^^^^^^^^^^^^^^^^^^^^^^^^^^^^^^^^^^^^^^
TypeError: fromisoformat: argument must be str
"GET /Pedido/ HTTP/1.1" 500 138939
Internal Server Error: /addProduct/
Traceback (most recent call last):
  File "C:\Users\mlarr\OneDrive\Documentos\Proyectos\sushi-ross\venv\Lib\site-packages\django\core\handlers\exception.py", line 55, in inner
    response = get_response(request)
               ^^^^^^^^^^^^^^^^^^^^^
  File "C:\Users\mlarr\OneDrive\Documentos\Proyectos\sushi-ross\venv\Lib\site-packages\django\core\handlers\base.py", line 197, in _get_response
    response = wrapped_callback(request, *callback_args, **callback_kwargs)
               ^^^^^^^^^^^^^^^^^^^^^^^^^^^^^^^^^^^^^^^^^^^^^^^^^^^^^^^^^^^^
  File "C:\Users\mlarr\OneDrive\Documentos\Proyectos\sushi-ross\venv\Lib\site-packages\django\views\decorators\csrf.py", line 65, in _view_wrapper
    return view_func(request, *args, **kwargs)
           ^^^^^^^^^^^^^^^^^^^^^^^^^^^^^^^^^^^
  File "C:\Users\mlarr\OneDrive\Documentos\Proyectos\sushi-ross\venv\Lib\site-packages\django\views\generic\base.py", line 104, in view
    return self.dispatch(request, *args, **kwargs)
           ^^^^^^^^^^^^^^^^^^^^^^^^^^^^^^^^^^^^^^^
  File "C:\Users\mlarr\OneDrive\Documentos\Proyectos\sushi-ross\venv\Lib\site-packages\rest_framework\views.py", line 515, in dispatch
    response = self.handle_exception(exc)
               ^^^^^^^^^^^^^^^^^^^^^^^^^^
  File "C:\Users\mlarr\OneDrive\Documentos\Proyectos\sushi-ross\venv\Lib\site-packages\rest_framework\views.py", line 475, in handle_exception
    self.raise_uncaught_exception(exc)
  File "C:\Users\mlarr\OneDrive\Documentos\Proyectos\sushi-ross\venv\Lib\site-packages\rest_framework\views.py", line 486, in raise_uncaught_exception
    raise exc
  File "C:\Users\mlarr\OneDrive\Documentos\Proyectos\sushi-ross\venv\Lib\site-packages\rest_framework\views.py", line 512, in dispatch
    response = handler(request, *args, **kwargs)
               ^^^^^^^^^^^^^^^^^^^^^^^^^^^^^^^^^
  File "C:\Users\mlarr\OneDrive\Documentos\Proyectos\sushi-ross\venv\Lib\site-packages\rest_framework\decorators.py", line 50, in handler
    return func(*args, **kwargs)
           ^^^^^^^^^^^^^^^^^^^^^
  File "C:\Users\mlarr\OneDrive\Documentos\Proyectos\sushi-ross\server\views.py", line 93, in addProducto
    serializer.save()
  File "C:\Users\mlarr\OneDrive\Documentos\Proyectos\sushi-ross\venv\Lib\site-packages\rest_framework\serializers.py", line 210, in save
    self.instance = self.create(validated_data)
                    ^^^^^^^^^^^^^^^^^^^^^^^^^^^
  File "C:\Users\mlarr\OneDrive\Documentos\Proyectos\sushi-ross\server\serializers.py", line 21, in create
    ingredientes = validated_data.pop('ingredientes')
                   ^^^^^^^^^^^^^^^^^^^^^^^^^^^^^^^^^^
KeyError: 'ingredientes'
"POST /addProduct/ HTTP/1.1" 500 108255
Internal Server Error: /Products/Update/8575688d-d1ec-4e64-ba67-1472bb99c2ba/
Traceback (most recent call last):
  File "C:\Users\mlarr\OneDrive\Documentos\Proyectos\sushi-ross\venv\Lib\site-packages\django\core\handlers\exception.py", line 55, in inner
    response = get_response(request)
               ^^^^^^^^^^^^^^^^^^^^^
  File "C:\Users\mlarr\OneDrive\Documentos\Proyectos\sushi-ross\venv\Lib\site-packages\django\core\handlers\base.py", line 197, in _get_response
    response = wrapped_callback(request, *callback_args, **callback_kwargs)
               ^^^^^^^^^^^^^^^^^^^^^^^^^^^^^^^^^^^^^^^^^^^^^^^^^^^^^^^^^^^^
  File "C:\Users\mlarr\OneDrive\Documentos\Proyectos\sushi-ross\venv\Lib\site-packages\django\views\decorators\csrf.py", line 65, in _view_wrapper
    return view_func(request, *args, **kwargs)
           ^^^^^^^^^^^^^^^^^^^^^^^^^^^^^^^^^^^
  File "C:\Users\mlarr\OneDrive\Documentos\Proyectos\sushi-ross\venv\Lib\site-packages\django\views\generic\base.py", line 104, in view
    return self.dispatch(request, *args, **kwargs)
           ^^^^^^^^^^^^^^^^^^^^^^^^^^^^^^^^^^^^^^^
  File "C:\Users\mlarr\OneDrive\Documentos\Proyectos\sushi-ross\venv\Lib\site-packages\rest_framework\views.py", line 515, in dispatch
    response = self.handle_exception(exc)
               ^^^^^^^^^^^^^^^^^^^^^^^^^^
  File "C:\Users\mlarr\OneDrive\Documentos\Proyectos\sushi-ross\venv\Lib\site-packages\rest_framework\views.py", line 475, in handle_exception
    self.raise_uncaught_exception(exc)
  File "C:\Users\mlarr\OneDrive\Documentos\Proyectos\sushi-ross\venv\Lib\site-packages\rest_framework\views.py", line 486, in raise_uncaught_exception
    raise exc
  File "C:\Users\mlarr\OneDrive\Documentos\Proyectos\sushi-ross\venv\Lib\site-packages\rest_framework\views.py", line 512, in dispatch
    response = handler(request, *args, **kwargs)
               ^^^^^^^^^^^^^^^^^^^^^^^^^^^^^^^^^
  File "C:\Users\mlarr\OneDrive\Documentos\Proyectos\sushi-ross\venv\Lib\site-packages\rest_framework\decorators.py", line 50, in handler
    return func(*args, **kwargs)
           ^^^^^^^^^^^^^^^^^^^^^
  File "C:\Users\mlarr\OneDrive\Documentos\Proyectos\sushi-ross\server\views.py", line 127, in updateProducto
    serializer.save()  # Guarda los cambios
    ^^^^^^^^^^^^^^^^^
  File "C:\Users\mlarr\OneDrive\Documentos\Proyectos\sushi-ross\venv\Lib\site-packages\rest_framework\serializers.py", line 205, in save
    self.instance = self.update(self.instance, validated_data)
                    ^^^^^^^^^^^^^^^^^^^^^^^^^^^^^^^^^^^^^^^^^^
  File "C:\Users\mlarr\OneDrive\Documentos\Proyectos\sushi-ross\server\serializers.py", line 27, in update
    ingredientes = validated_data.pop('ingredientes')
                   ^^^^^^^^^^^^^^^^^^^^^^^^^^^^^^^^^^
KeyError: 'ingredientes'
"PATCH /Products/Update/8575688d-d1ec-4e64-ba67-1472bb99c2ba/ HTTP/1.1" 500 109362
Internal Server Error: /Products/Update/8575688d-d1ec-4e64-ba67-1472bb99c2ba/
Traceback (most recent call last):
  File "C:\Users\mlarr\OneDrive\Documentos\Proyectos\sushi-ross\venv\Lib\site-packages\django\core\handlers\exception.py", line 55, in inner
    response = get_response(request)
               ^^^^^^^^^^^^^^^^^^^^^
  File "C:\Users\mlarr\OneDrive\Documentos\Proyectos\sushi-ross\venv\Lib\site-packages\django\core\handlers\base.py", line 197, in _get_response
    response = wrapped_callback(request, *callback_args, **callback_kwargs)
               ^^^^^^^^^^^^^^^^^^^^^^^^^^^^^^^^^^^^^^^^^^^^^^^^^^^^^^^^^^^^
  File "C:\Users\mlarr\OneDrive\Documentos\Proyectos\sushi-ross\venv\Lib\site-packages\django\views\decorators\csrf.py", line 65, in _view_wrapper
    return view_func(request, *args, **kwargs)
           ^^^^^^^^^^^^^^^^^^^^^^^^^^^^^^^^^^^
  File "C:\Users\mlarr\OneDrive\Documentos\Proyectos\sushi-ross\venv\Lib\site-packages\django\views\generic\base.py", line 104, in view
    return self.dispatch(request, *args, **kwargs)
           ^^^^^^^^^^^^^^^^^^^^^^^^^^^^^^^^^^^^^^^
  File "C:\Users\mlarr\OneDrive\Documentos\Proyectos\sushi-ross\venv\Lib\site-packages\rest_framework\views.py", line 515, in dispatch
    response = self.handle_exception(exc)
               ^^^^^^^^^^^^^^^^^^^^^^^^^^
  File "C:\Users\mlarr\OneDrive\Documentos\Proyectos\sushi-ross\venv\Lib\site-packages\rest_framework\views.py", line 475, in handle_exception
    self.raise_uncaught_exception(exc)
  File "C:\Users\mlarr\OneDrive\Documentos\Proyectos\sushi-ross\venv\Lib\site-packages\rest_framework\views.py", line 486, in raise_uncaught_exception
    raise exc
  File "C:\Users\mlarr\OneDrive\Documentos\Proyectos\sushi-ross\venv\Lib\site-packages\rest_framework\views.py", line 512, in dispatch
    response = handler(request, *args, **kwargs)
               ^^^^^^^^^^^^^^^^^^^^^^^^^^^^^^^^^
  File "C:\Users\mlarr\OneDrive\Documentos\Proyectos\sushi-ross\venv\Lib\site-packages\rest_framework\decorators.py", line 50, in handler
    return func(*args, **kwargs)
           ^^^^^^^^^^^^^^^^^^^^^
  File "C:\Users\mlarr\OneDrive\Documentos\Proyectos\sushi-ross\server\views.py", line 127, in updateProducto
    serializer.save()  # Guarda los cambios
    ^^^^^^^^^^^^^^^^^
  File "C:\Users\mlarr\OneDrive\Documentos\Proyectos\sushi-ross\venv\Lib\site-packages\rest_framework\serializers.py", line 205, in save
    self.instance = self.update(self.instance, validated_data)
                    ^^^^^^^^^^^^^^^^^^^^^^^^^^^^^^^^^^^^^^^^^^
  File "C:\Users\mlarr\OneDrive\Documentos\Proyectos\sushi-ross\server\serializers.py", line 27, in update
    ingredientes = validated_data.pop('ingredientes')
                   ^^^^^^^^^^^^^^^^^^^^^^^^^^^^^^^^^^
KeyError: 'ingredientes'
"PATCH /Products/Update/8575688d-d1ec-4e64-ba67-1472bb99c2ba/ HTTP/1.1" 500 109287
Internal Server Error: /Products/Update/e960697b-0ad4-40b4-b8c9-5dc08c298972/
Traceback (most recent call last):
  File "C:\Users\mlarr\OneDrive\Documentos\Proyectos\sushi-ross\venv\Lib\site-packages\django\core\handlers\exception.py", line 55, in inner
    response = get_response(request)
               ^^^^^^^^^^^^^^^^^^^^^
  File "C:\Users\mlarr\OneDrive\Documentos\Proyectos\sushi-ross\venv\Lib\site-packages\django\core\handlers\base.py", line 197, in _get_response
    response = wrapped_callback(request, *callback_args, **callback_kwargs)
               ^^^^^^^^^^^^^^^^^^^^^^^^^^^^^^^^^^^^^^^^^^^^^^^^^^^^^^^^^^^^
  File "C:\Users\mlarr\OneDrive\Documentos\Proyectos\sushi-ross\venv\Lib\site-packages\django\views\decorators\csrf.py", line 65, in _view_wrapper
    return view_func(request, *args, **kwargs)
           ^^^^^^^^^^^^^^^^^^^^^^^^^^^^^^^^^^^
  File "C:\Users\mlarr\OneDrive\Documentos\Proyectos\sushi-ross\venv\Lib\site-packages\django\views\generic\base.py", line 104, in view
    return self.dispatch(request, *args, **kwargs)
           ^^^^^^^^^^^^^^^^^^^^^^^^^^^^^^^^^^^^^^^
  File "C:\Users\mlarr\OneDrive\Documentos\Proyectos\sushi-ross\venv\Lib\site-packages\rest_framework\views.py", line 515, in dispatch
    response = self.handle_exception(exc)
               ^^^^^^^^^^^^^^^^^^^^^^^^^^
  File "C:\Users\mlarr\OneDrive\Documentos\Proyectos\sushi-ross\venv\Lib\site-packages\rest_framework\views.py", line 475, in handle_exception
    self.raise_uncaught_exception(exc)
  File "C:\Users\mlarr\OneDrive\Documentos\Proyectos\sushi-ross\venv\Lib\site-packages\rest_framework\views.py", line 486, in raise_uncaught_exception
    raise exc
  File "C:\Users\mlarr\OneDrive\Documentos\Proyectos\sushi-ross\venv\Lib\site-packages\rest_framework\views.py", line 512, in dispatch
    response = handler(request, *args, **kwargs)
               ^^^^^^^^^^^^^^^^^^^^^^^^^^^^^^^^^
  File "C:\Users\mlarr\OneDrive\Documentos\Proyectos\sushi-ross\venv\Lib\site-packages\rest_framework\decorators.py", line 50, in handler
    return func(*args, **kwargs)
           ^^^^^^^^^^^^^^^^^^^^^
  File "C:\Users\mlarr\OneDrive\Documentos\Proyectos\sushi-ross\server\views.py", line 127, in updateProducto
    serializer.save()  # Guarda los cambios
    ^^^^^^^^^^^^^^^^^
  File "C:\Users\mlarr\OneDrive\Documentos\Proyectos\sushi-ross\venv\Lib\site-packages\rest_framework\serializers.py", line 205, in save
    self.instance = self.update(self.instance, validated_data)
                    ^^^^^^^^^^^^^^^^^^^^^^^^^^^^^^^^^^^^^^^^^^
  File "C:\Users\mlarr\OneDrive\Documentos\Proyectos\sushi-ross\server\serializers.py", line 27, in update
    ingredientes = validated_data.pop('ingredientes')
                   ^^^^^^^^^^^^^^^^^^^^^^^^^^^^^^^^^^
KeyError: 'ingredientes'
"PATCH /Products/Update/e960697b-0ad4-40b4-b8c9-5dc08c298972/ HTTP/1.1" 500 109365
Internal Server Error: /Products/Update/e960697b-0ad4-40b4-b8c9-5dc08c298972/
Traceback (most recent call last):
  File "C:\Users\mlarr\OneDrive\Documentos\Proyectos\sushi-ross\venv\Lib\site-packages\django\core\handlers\exception.py", line 55, in inner
    response = get_response(request)
               ^^^^^^^^^^^^^^^^^^^^^
  File "C:\Users\mlarr\OneDrive\Documentos\Proyectos\sushi-ross\venv\Lib\site-packages\django\core\handlers\base.py", line 197, in _get_response
    response = wrapped_callback(request, *callback_args, **callback_kwargs)
               ^^^^^^^^^^^^^^^^^^^^^^^^^^^^^^^^^^^^^^^^^^^^^^^^^^^^^^^^^^^^
  File "C:\Users\mlarr\OneDrive\Documentos\Proyectos\sushi-ross\venv\Lib\site-packages\django\views\decorators\csrf.py", line 65, in _view_wrapper
    return view_func(request, *args, **kwargs)
           ^^^^^^^^^^^^^^^^^^^^^^^^^^^^^^^^^^^
  File "C:\Users\mlarr\OneDrive\Documentos\Proyectos\sushi-ross\venv\Lib\site-packages\django\views\generic\base.py", line 104, in view
    return self.dispatch(request, *args, **kwargs)
           ^^^^^^^^^^^^^^^^^^^^^^^^^^^^^^^^^^^^^^^
  File "C:\Users\mlarr\OneDrive\Documentos\Proyectos\sushi-ross\venv\Lib\site-packages\rest_framework\views.py", line 515, in dispatch
    response = self.handle_exception(exc)
               ^^^^^^^^^^^^^^^^^^^^^^^^^^
  File "C:\Users\mlarr\OneDrive\Documentos\Proyectos\sushi-ross\venv\Lib\site-packages\rest_framework\views.py", line 475, in handle_exception
    self.raise_uncaught_exception(exc)
  File "C:\Users\mlarr\OneDrive\Documentos\Proyectos\sushi-ross\venv\Lib\site-packages\rest_framework\views.py", line 486, in raise_uncaught_exception
    raise exc
  File "C:\Users\mlarr\OneDrive\Documentos\Proyectos\sushi-ross\venv\Lib\site-packages\rest_framework\views.py", line 512, in dispatch
    response = handler(request, *args, **kwargs)
               ^^^^^^^^^^^^^^^^^^^^^^^^^^^^^^^^^
  File "C:\Users\mlarr\OneDrive\Documentos\Proyectos\sushi-ross\venv\Lib\site-packages\rest_framework\decorators.py", line 50, in handler
    return func(*args, **kwargs)
           ^^^^^^^^^^^^^^^^^^^^^
  File "C:\Users\mlarr\OneDrive\Documentos\Proyectos\sushi-ross\server\views.py", line 127, in updateProducto
    serializer.save()  # Guarda los cambios
    ^^^^^^^^^^^^^^^^^
  File "C:\Users\mlarr\OneDrive\Documentos\Proyectos\sushi-ross\venv\Lib\site-packages\rest_framework\serializers.py", line 205, in save
    self.instance = self.update(self.instance, validated_data)
                    ^^^^^^^^^^^^^^^^^^^^^^^^^^^^^^^^^^^^^^^^^^
  File "C:\Users\mlarr\OneDrive\Documentos\Proyectos\sushi-ross\server\serializers.py", line 27, in update
    ingredientes = validated_data.pop('ingredientes')
                   ^^^^^^^^^^^^^^^^^^^^^^^^^^^^^^^^^^
KeyError: 'ingredientes'
"PATCH /Products/Update/e960697b-0ad4-40b4-b8c9-5dc08c298972/ HTTP/1.1" 500 109369
Internal Server Error: /Products/Delete/e960697b-0ad4-40b4-b8c9-5dc08c298972/
Traceback (most recent call last):
  File "C:\Users\mlarr\OneDrive\Documentos\Proyectos\sushi-ross\venv\Lib\site-packages\django\core\handlers\exception.py", line 55, in inner
    response = get_response(request)
               ^^^^^^^^^^^^^^^^^^^^^
  File "C:\Users\mlarr\OneDrive\Documentos\Proyectos\sushi-ross\venv\Lib\site-packages\django\core\handlers\base.py", line 197, in _get_response
    response = wrapped_callback(request, *callback_args, **callback_kwargs)
               ^^^^^^^^^^^^^^^^^^^^^^^^^^^^^^^^^^^^^^^^^^^^^^^^^^^^^^^^^^^^
  File "C:\Users\mlarr\OneDrive\Documentos\Proyectos\sushi-ross\venv\Lib\site-packages\django\views\decorators\csrf.py", line 65, in _view_wrapper
    return view_func(request, *args, **kwargs)
           ^^^^^^^^^^^^^^^^^^^^^^^^^^^^^^^^^^^
  File "C:\Users\mlarr\OneDrive\Documentos\Proyectos\sushi-ross\venv\Lib\site-packages\django\views\generic\base.py", line 104, in view
    return self.dispatch(request, *args, **kwargs)
           ^^^^^^^^^^^^^^^^^^^^^^^^^^^^^^^^^^^^^^^
  File "C:\Users\mlarr\OneDrive\Documentos\Proyectos\sushi-ross\venv\Lib\site-packages\rest_framework\views.py", line 515, in dispatch
    response = self.handle_exception(exc)
               ^^^^^^^^^^^^^^^^^^^^^^^^^^
  File "C:\Users\mlarr\OneDrive\Documentos\Proyectos\sushi-ross\venv\Lib\site-packages\rest_framework\views.py", line 475, in handle_exception
    self.raise_uncaught_exception(exc)
  File "C:\Users\mlarr\OneDrive\Documentos\Proyectos\sushi-ross\venv\Lib\site-packages\rest_framework\views.py", line 486, in raise_uncaught_exception
    raise exc
  File "C:\Users\mlarr\OneDrive\Documentos\Proyectos\sushi-ross\venv\Lib\site-packages\rest_framework\views.py", line 512, in dispatch
    response = handler(request, *args, **kwargs)
               ^^^^^^^^^^^^^^^^^^^^^^^^^^^^^^^^^
  File "C:\Users\mlarr\OneDrive\Documentos\Proyectos\sushi-ross\venv\Lib\site-packages\rest_framework\decorators.py", line 50, in handler
    return func(*args, **kwargs)
           ^^^^^^^^^^^^^^^^^^^^^
TypeError: deleteProducto() got an unexpected keyword argument 'id'
"DELETE /Products/Delete/e960697b-0ad4-40b4-b8c9-5dc08c298972/ HTTP/1.1" 500 94300
Internal Server Error: /Products/Delete/9b22b918-c562-4a40-bdcb-bc88ee2ef633/
Traceback (most recent call last):
  File "C:\Users\mlarr\OneDrive\Documentos\Proyectos\sushi-ross\venv\Lib\site-packages\django\core\handlers\exception.py", line 55, in inner
    response = get_response(request)
               ^^^^^^^^^^^^^^^^^^^^^
  File "C:\Users\mlarr\OneDrive\Documentos\Proyectos\sushi-ross\venv\Lib\site-packages\django\core\handlers\base.py", line 197, in _get_response
    response = wrapped_callback(request, *callback_args, **callback_kwargs)
               ^^^^^^^^^^^^^^^^^^^^^^^^^^^^^^^^^^^^^^^^^^^^^^^^^^^^^^^^^^^^
  File "C:\Users\mlarr\OneDrive\Documentos\Proyectos\sushi-ross\venv\Lib\site-packages\django\views\decorators\csrf.py", line 65, in _view_wrapper
    return view_func(request, *args, **kwargs)
           ^^^^^^^^^^^^^^^^^^^^^^^^^^^^^^^^^^^
  File "C:\Users\mlarr\OneDrive\Documentos\Proyectos\sushi-ross\venv\Lib\site-packages\django\views\generic\base.py", line 104, in view
    return self.dispatch(request, *args, **kwargs)
           ^^^^^^^^^^^^^^^^^^^^^^^^^^^^^^^^^^^^^^^
  File "C:\Users\mlarr\OneDrive\Documentos\Proyectos\sushi-ross\venv\Lib\site-packages\rest_framework\views.py", line 515, in dispatch
    response = self.handle_exception(exc)
               ^^^^^^^^^^^^^^^^^^^^^^^^^^
  File "C:\Users\mlarr\OneDrive\Documentos\Proyectos\sushi-ross\venv\Lib\site-packages\rest_framework\views.py", line 475, in handle_exception
    self.raise_uncaught_exception(exc)
  File "C:\Users\mlarr\OneDrive\Documentos\Proyectos\sushi-ross\venv\Lib\site-packages\rest_framework\views.py", line 486, in raise_uncaught_exception
    raise exc
  File "C:\Users\mlarr\OneDrive\Documentos\Proyectos\sushi-ross\venv\Lib\site-packages\rest_framework\views.py", line 512, in dispatch
    response = handler(request, *args, **kwargs)
               ^^^^^^^^^^^^^^^^^^^^^^^^^^^^^^^^^
  File "C:\Users\mlarr\OneDrive\Documentos\Proyectos\sushi-ross\venv\Lib\site-packages\rest_framework\decorators.py", line 50, in handler
    return func(*args, **kwargs)
           ^^^^^^^^^^^^^^^^^^^^^
TypeError: deleteProducto() got an unexpected keyword argument 'id'
"DELETE /Products/Delete/9b22b918-c562-4a40-bdcb-bc88ee2ef633/ HTTP/1.1" 500 94300
Internal Server Error: /users/getUser/15cc55db-6f02-4809-ba3c-16d8bcd0198d
Traceback (most recent call last):
  File "C:\Users\mlarr\OneDrive\Documentos\Proyectos\sushi-ross\venv\Lib\site-packages\django\core\handlers\exception.py", line 55, in inner
    response = get_response(request)
               ^^^^^^^^^^^^^^^^^^^^^
  File "C:\Users\mlarr\OneDrive\Documentos\Proyectos\sushi-ross\venv\Lib\site-packages\django\core\handlers\base.py", line 197, in _get_response
    response = wrapped_callback(request, *callback_args, **callback_kwargs)
               ^^^^^^^^^^^^^^^^^^^^^^^^^^^^^^^^^^^^^^^^^^^^^^^^^^^^^^^^^^^^
  File "C:\Users\mlarr\OneDrive\Documentos\Proyectos\sushi-ross\venv\Lib\site-packages\django\views\decorators\csrf.py", line 65, in _view_wrapper
    return view_func(request, *args, **kwargs)
           ^^^^^^^^^^^^^^^^^^^^^^^^^^^^^^^^^^^
  File "C:\Users\mlarr\OneDrive\Documentos\Proyectos\sushi-ross\venv\Lib\site-packages\django\views\generic\base.py", line 104, in view
    return self.dispatch(request, *args, **kwargs)
           ^^^^^^^^^^^^^^^^^^^^^^^^^^^^^^^^^^^^^^^
  File "C:\Users\mlarr\OneDrive\Documentos\Proyectos\sushi-ross\venv\Lib\site-packages\rest_framework\views.py", line 515, in dispatch
    response = self.handle_exception(exc)
               ^^^^^^^^^^^^^^^^^^^^^^^^^^
  File "C:\Users\mlarr\OneDrive\Documentos\Proyectos\sushi-ross\venv\Lib\site-packages\rest_framework\views.py", line 475, in handle_exception
    self.raise_uncaught_exception(exc)
  File "C:\Users\mlarr\OneDrive\Documentos\Proyectos\sushi-ross\venv\Lib\site-packages\rest_framework\views.py", line 486, in raise_uncaught_exception
    raise exc
  File "C:\Users\mlarr\OneDrive\Documentos\Proyectos\sushi-ross\venv\Lib\site-packages\rest_framework\views.py", line 512, in dispatch
    response = handler(request, *args, **kwargs)
               ^^^^^^^^^^^^^^^^^^^^^^^^^^^^^^^^^
  File "C:\Users\mlarr\OneDrive\Documentos\Proyectos\sushi-ross\venv\Lib\site-packages\rest_framework\decorators.py", line 50, in handler
    return func(*args, **kwargs)
           ^^^^^^^^^^^^^^^^^^^^^
  File "C:\Users\mlarr\OneDrive\Documentos\Proyectos\sushi-ross\server\views.py", line 77, in getUser
    return Response(serializer.data['fullname'])
                    ~~~~~~~~~~~~~~~^^^^^^^^^^^^
KeyError: 'fullname'
"GET /users/getUser/15cc55db-6f02-4809-ba3c-16d8bcd0198d HTTP/1.1" 500 98988
Internal Server Error: /users/getDelivery/
Traceback (most recent call last):
  File "C:\Users\mlarr\OneDrive\Documentos\Proyectos\sushi-ross\venv\Lib\site-packages\django\core\handlers\exception.py", line 55, in inner
    response = get_response(request)
               ^^^^^^^^^^^^^^^^^^^^^
  File "C:\Users\mlarr\OneDrive\Documentos\Proyectos\sushi-ross\venv\Lib\site-packages\django\core\handlers\base.py", line 197, in _get_response
    response = wrapped_callback(request, *callback_args, **callback_kwargs)
               ^^^^^^^^^^^^^^^^^^^^^^^^^^^^^^^^^^^^^^^^^^^^^^^^^^^^^^^^^^^^
  File "C:\Users\mlarr\OneDrive\Documentos\Proyectos\sushi-ross\venv\Lib\site-packages\django\views\decorators\csrf.py", line 65, in _view_wrapper
    return view_func(request, *args, **kwargs)
           ^^^^^^^^^^^^^^^^^^^^^^^^^^^^^^^^^^^
  File "C:\Users\mlarr\OneDrive\Documentos\Proyectos\sushi-ross\venv\Lib\site-packages\django\views\generic\base.py", line 104, in view
    return self.dispatch(request, *args, **kwargs)
           ^^^^^^^^^^^^^^^^^^^^^^^^^^^^^^^^^^^^^^^
  File "C:\Users\mlarr\OneDrive\Documentos\Proyectos\sushi-ross\venv\Lib\site-packages\rest_framework\views.py", line 515, in dispatch
    response = self.handle_exception(exc)
               ^^^^^^^^^^^^^^^^^^^^^^^^^^
  File "C:\Users\mlarr\OneDrive\Documentos\Proyectos\sushi-ross\venv\Lib\site-packages\rest_framework\views.py", line 475, in handle_exception
    self.raise_uncaught_exception(exc)
  File "C:\Users\mlarr\OneDrive\Documentos\Proyectos\sushi-ross\venv\Lib\site-packages\rest_framework\views.py", line 486, in raise_uncaught_exception
    raise exc
  File "C:\Users\mlarr\OneDrive\Documentos\Proyectos\sushi-ross\venv\Lib\site-packages\rest_framework\views.py", line 512, in dispatch
    response = handler(request, *args, **kwargs)
               ^^^^^^^^^^^^^^^^^^^^^^^^^^^^^^^^^
  File "C:\Users\mlarr\OneDrive\Documentos\Proyectos\sushi-ross\venv\Lib\site-packages\rest_framework\decorators.py", line 50, in handler
    return func(*args, **kwargs)
           ^^^^^^^^^^^^^^^^^^^^^
  File "C:\Users\mlarr\OneDrive\Documentos\Proyectos\sushi-ross\server\views.py", line 81, in getDelivery
    user = User.objects.all(role="DELIVERY")
           ^^^^^^^^^^^^^^^^^^^^^^^^^^^^^^^^^
TypeError: BaseManager.all() got an unexpected keyword argument 'role'
"GET //users/getDelivery/ HTTP/1.1" 500 96887
Internal Server Error: /users/getDelivery/
Traceback (most recent call last):
  File "C:\Users\mlarr\OneDrive\Documentos\Proyectos\sushi-ross\venv\Lib\site-packages\rest_framework\fields.py", line 437, in get_attribute
    return get_attribute(instance, self.source_attrs)
           ^^^^^^^^^^^^^^^^^^^^^^^^^^^^^^^^^^^^^^^^^^
  File "C:\Users\mlarr\OneDrive\Documentos\Proyectos\sushi-ross\venv\Lib\site-packages\rest_framework\fields.py", line 104, in get_attribute
    instance = getattr(instance, attr)
               ^^^^^^^^^^^^^^^^^^^^^^^
AttributeError: 'QuerySet' object has no attribute 'name'

During handling of the above exception, another exception occurred:

Traceback (most recent call last):
  File "C:\Users\mlarr\OneDrive\Documentos\Proyectos\sushi-ross\venv\Lib\site-packages\django\core\handlers\exception.py", line 55, in inner
    response = get_response(request)
               ^^^^^^^^^^^^^^^^^^^^^
  File "C:\Users\mlarr\OneDrive\Documentos\Proyectos\sushi-ross\venv\Lib\site-packages\django\core\handlers\base.py", line 197, in _get_response
    response = wrapped_callback(request, *callback_args, **callback_kwargs)
               ^^^^^^^^^^^^^^^^^^^^^^^^^^^^^^^^^^^^^^^^^^^^^^^^^^^^^^^^^^^^
  File "C:\Users\mlarr\OneDrive\Documentos\Proyectos\sushi-ross\venv\Lib\site-packages\django\views\decorators\csrf.py", line 65, in _view_wrapper
    return view_func(request, *args, **kwargs)
           ^^^^^^^^^^^^^^^^^^^^^^^^^^^^^^^^^^^
  File "C:\Users\mlarr\OneDrive\Documentos\Proyectos\sushi-ross\venv\Lib\site-packages\django\views\generic\base.py", line 104, in view
    return self.dispatch(request, *args, **kwargs)
           ^^^^^^^^^^^^^^^^^^^^^^^^^^^^^^^^^^^^^^^
  File "C:\Users\mlarr\OneDrive\Documentos\Proyectos\sushi-ross\venv\Lib\site-packages\rest_framework\views.py", line 515, in dispatch
    response = self.handle_exception(exc)
               ^^^^^^^^^^^^^^^^^^^^^^^^^^
  File "C:\Users\mlarr\OneDrive\Documentos\Proyectos\sushi-ross\venv\Lib\site-packages\rest_framework\views.py", line 475, in handle_exception
    self.raise_uncaught_exception(exc)
  File "C:\Users\mlarr\OneDrive\Documentos\Proyectos\sushi-ross\venv\Lib\site-packages\rest_framework\views.py", line 486, in raise_uncaught_exception
    raise exc
  File "C:\Users\mlarr\OneDrive\Documentos\Proyectos\sushi-ross\venv\Lib\site-packages\rest_framework\views.py", line 512, in dispatch
    response = handler(request, *args, **kwargs)
               ^^^^^^^^^^^^^^^^^^^^^^^^^^^^^^^^^
  File "C:\Users\mlarr\OneDrive\Documentos\Proyectos\sushi-ross\venv\Lib\site-packages\rest_framework\decorators.py", line 50, in handler
    return func(*args, **kwargs)
           ^^^^^^^^^^^^^^^^^^^^^
  File "C:\Users\mlarr\OneDrive\Documentos\Proyectos\sushi-ross\server\views.py", line 83, in getDelivery
    return Response(serializer.data, status=status.HTTP_200_OK)
                    ^^^^^^^^^^^^^^^
  File "C:\Users\mlarr\OneDrive\Documentos\Proyectos\sushi-ross\venv\Lib\site-packages\rest_framework\serializers.py", line 573, in data
    ret = super().data
          ^^^^^^^^^^^^
  File "C:\Users\mlarr\OneDrive\Documentos\Proyectos\sushi-ross\venv\Lib\site-packages\rest_framework\serializers.py", line 251, in data
    self._data = self.to_representation(self.instance)
                 ^^^^^^^^^^^^^^^^^^^^^^^^^^^^^^^^^^^^^
  File "C:\Users\mlarr\OneDrive\Documentos\Proyectos\sushi-ross\venv\Lib\site-packages\rest_framework\serializers.py", line 527, in to_representation
    attribute = field.get_attribute(instance)
                ^^^^^^^^^^^^^^^^^^^^^^^^^^^^^
  File "C:\Users\mlarr\OneDrive\Documentos\Proyectos\sushi-ross\venv\Lib\site-packages\rest_framework\fields.py", line 470, in get_attribute
    raise type(exc)(msg)
AttributeError: Got AttributeError when attempting to get a value for field `name` on serializer `UserSerializer`.
The serializer field might be named incorrectly and not match any attribute or key on the `QuerySet` instance.
Original exception text was: 'QuerySet' object has no attribute 'name'.
"GET //users/getDelivery/ HTTP/1.1" 500 127229
Internal Server Error: /users/getDelivery/
Traceback (most recent call last):
  File "C:\Users\mlarr\OneDrive\Documentos\Proyectos\sushi-ross\venv\Lib\site-packages\django\core\handlers\exception.py", line 55, in inner
    response = get_response(request)
               ^^^^^^^^^^^^^^^^^^^^^
  File "C:\Users\mlarr\OneDrive\Documentos\Proyectos\sushi-ross\venv\Lib\site-packages\django\core\handlers\base.py", line 197, in _get_response
    response = wrapped_callback(request, *callback_args, **callback_kwargs)
               ^^^^^^^^^^^^^^^^^^^^^^^^^^^^^^^^^^^^^^^^^^^^^^^^^^^^^^^^^^^^
  File "C:\Users\mlarr\OneDrive\Documentos\Proyectos\sushi-ross\venv\Lib\site-packages\django\views\decorators\csrf.py", line 65, in _view_wrapper
    return view_func(request, *args, **kwargs)
           ^^^^^^^^^^^^^^^^^^^^^^^^^^^^^^^^^^^
  File "C:\Users\mlarr\OneDrive\Documentos\Proyectos\sushi-ross\venv\Lib\site-packages\django\views\generic\base.py", line 104, in view
    return self.dispatch(request, *args, **kwargs)
           ^^^^^^^^^^^^^^^^^^^^^^^^^^^^^^^^^^^^^^^
  File "C:\Users\mlarr\OneDrive\Documentos\Proyectos\sushi-ross\venv\Lib\site-packages\rest_framework\views.py", line 515, in dispatch
    response = self.handle_exception(exc)
               ^^^^^^^^^^^^^^^^^^^^^^^^^^
  File "C:\Users\mlarr\OneDrive\Documentos\Proyectos\sushi-ross\venv\Lib\site-packages\rest_framework\views.py", line 475, in handle_exception
    self.raise_uncaught_exception(exc)
  File "C:\Users\mlarr\OneDrive\Documentos\Proyectos\sushi-ross\venv\Lib\site-packages\rest_framework\views.py", line 486, in raise_uncaught_exception
    raise exc
  File "C:\Users\mlarr\OneDrive\Documentos\Proyectos\sushi-ross\venv\Lib\site-packages\rest_framework\views.py", line 512, in dispatch
    response = handler(request, *args, **kwargs)
               ^^^^^^^^^^^^^^^^^^^^^^^^^^^^^^^^^
  File "C:\Users\mlarr\OneDrive\Documentos\Proyectos\sushi-ross\venv\Lib\site-packages\rest_framework\decorators.py", line 50, in handler
    return func(*args, **kwargs)
           ^^^^^^^^^^^^^^^^^^^^^
  File "C:\Users\mlarr\OneDrive\Documentos\Proyectos\sushi-ross\server\views.py", line 83, in getDelivery
    return Response({"nombre":serializer.data['name'],"apellido":serializer.data['lastname'],"email":serializer.data['email'],"telefono":serializer.data['cellphone']}, status=status.HTTP_200_OK)
                              ~~~~~~~~~~~~~~~^^^^^^^^
TypeError: list indices must be integers or slices, not str
"GET //users/getDelivery/ HTTP/1.1" 500 98257
